###############################################################################
#
# IAR ELF Linker V9.40.1.364/W64 for ARM                  15/May/2026  18:02:06
# Copyright 2007-2023 IAR Systems AB.
#
#    Output file  =
#        D:\intelligent
#        vehicle\2026\balance_car\Seekfree_CYT4BB_Opensource_Library\project\iar\project_config\Debug_m7_0\Exe\cyt4bb7_cm_7_0.out
#    Map file     =
#        D:\intelligent
#        vehicle\2026\balance_car\Seekfree_CYT4BB_Opensource_Library\project\iar\Debug_m7_0\List\cyt4bb7_cm_7_0.map
#    Command line =
#        -f "D:\intelligent
#        vehicle\2026\balance_car\Seekfree_CYT4BB_Opensource_Library\project\iar\project_config\Debug_m7_0\Exe\cyt4bb7_cm_7_0.out.rsp"
#        ("D:\intelligent
#        vehicle\2026\balance_car\Seekfree_CYT4BB_Opensource_Library\project\iar\Debug_m7_0\Obj\user_8514941877209965082.dir\cm7_0_isr.o"
#        "D:\intelligent
#        vehicle\2026\balance_car\Seekfree_CYT4BB_Opensource_Library\project\iar\Debug_m7_0\Obj\adc_11722776235721520015.dir\cy_adc.o"
#        "D:\intelligent
#        vehicle\2026\balance_car\Seekfree_CYT4BB_Opensource_Library\project\iar\Debug_m7_0\Obj\button_4990804375159372270.dir\cy_button.o"
#        "D:\intelligent
#        vehicle\2026\balance_car\Seekfree_CYT4BB_Opensource_Library\project\iar\Debug_m7_0\Obj\canfd_1800690984773873875.dir\cy_canfd.o"
#        "D:\intelligent
#        vehicle\2026\balance_car\Seekfree_CYT4BB_Opensource_Library\project\iar\Debug_m7_0\Obj\cpu_15938736945165268644.dir\cy_cpu.o"
#        "D:\intelligent
#        vehicle\2026\balance_car\Seekfree_CYT4BB_Opensource_Library\project\iar\Debug_m7_0\Obj\crypto_1190170608956581615.dir\cy_crypto_config.o"
#        "D:\intelligent
#        vehicle\2026\balance_car\Seekfree_CYT4BB_Opensource_Library\project\iar\Debug_m7_0\Obj\eth_phy_18133017486186456677.dir\cy_dp83867.o"
#        "D:\intelligent
#        vehicle\2026\balance_car\Seekfree_CYT4BB_Opensource_Library\project\iar\Debug_m7_0\Obj\ethernet_6029839089178797009.dir\cy_ethif.o"
#        "D:\intelligent
#        vehicle\2026\balance_car\Seekfree_CYT4BB_Opensource_Library\project\iar\Debug_m7_0\Obj\evtgen_3404189088603873129.dir\cy_evtgen.o"
#        "D:\intelligent
#        vehicle\2026\balance_car\Seekfree_CYT4BB_Opensource_Library\project\iar\Debug_m7_0\Obj\flash_8529866181315662935.dir\cy_flash.o"
#        "D:\intelligent
#        vehicle\2026\balance_car\Seekfree_CYT4BB_Opensource_Library\project\iar\Debug_m7_0\Obj\gpio_3999404635324069351.dir\cy_gpio.o"
#        "D:\intelligent
#        vehicle\2026\balance_car\Seekfree_CYT4BB_Opensource_Library\project\iar\Debug_m7_0\Obj\audioss_1346650047966882938.dir\cy_i2s.o"
#        "D:\intelligent
#        vehicle\2026\balance_car\Seekfree_CYT4BB_Opensource_Library\project\iar\Debug_m7_0\Obj\rev_b_6162237342861132223.dir\cy_interrupt_map.o"
#        "D:\intelligent
#        vehicle\2026\balance_car\Seekfree_CYT4BB_Opensource_Library\project\iar\Debug_m7_0\Obj\ipc_10145506163450686023.dir\cy_ipc_drv.o"
#        "D:\intelligent
#        vehicle\2026\balance_car\Seekfree_CYT4BB_Opensource_Library\project\iar\Debug_m7_0\Obj\ipc_10145506163450686023.dir\cy_ipc_pipe.o"
#        "D:\intelligent
#        vehicle\2026\balance_car\Seekfree_CYT4BB_Opensource_Library\project\iar\Debug_m7_0\Obj\ipc_10145506163450686023.dir\cy_ipc_sema.o"
#        "D:\intelligent
#        vehicle\2026\balance_car\Seekfree_CYT4BB_Opensource_Library\project\iar\Debug_m7_0\Obj\lin_18429031207028094880.dir\cy_lin.o"
#        "D:\intelligent
#        vehicle\2026\balance_car\Seekfree_CYT4BB_Opensource_Library\project\iar\Debug_m7_0\Obj\lvd_6353935867039560245.dir\cy_lvd.o"
#        "D:\intelligent
#        vehicle\2026\balance_car\Seekfree_CYT4BB_Opensource_Library\project\iar\Debug_m7_0\Obj\mcwdt_4052485907822033969.dir\cy_mcwdt.o"
#        "D:\intelligent
#        vehicle\2026\balance_car\Seekfree_CYT4BB_Opensource_Library\project\iar\Debug_m7_0\Obj\dma_12106025507578611576.dir\cy_mdma.o"
#        "D:\intelligent
#        vehicle\2026\balance_car\Seekfree_CYT4BB_Opensource_Library\project\iar\Debug_m7_0\Obj\mpu_5663187252346826382.dir\cy_mpu.o"
#        "D:\intelligent
#        vehicle\2026\balance_car\Seekfree_CYT4BB_Opensource_Library\project\iar\Debug_m7_0\Obj\flash_864493325053435817.dir\cy_mw_flash.o"
#        "D:\intelligent
#        vehicle\2026\balance_car\Seekfree_CYT4BB_Opensource_Library\project\iar\Debug_m7_0\Obj\dma_12106025507578611576.dir\cy_pdma.o"
#        "D:\intelligent
#        vehicle\2026\balance_car\Seekfree_CYT4BB_Opensource_Library\project\iar\Debug_m7_0\Obj\power_14453085144426420577.dir\cy_power.o"
#        "D:\intelligent
#        vehicle\2026\balance_car\Seekfree_CYT4BB_Opensource_Library\project\iar\Debug_m7_0\Obj\prot_10722960861768657883.dir\cy_prot.o"
#        "D:\intelligent
#        vehicle\2026\balance_car\Seekfree_CYT4BB_Opensource_Library\project\iar\Debug_m7_0\Obj\scb_15490842639181808494.dir\cy_scb_common.o"
#        "D:\intelligent
#        vehicle\2026\balance_car\Seekfree_CYT4BB_Opensource_Library\project\iar\Debug_m7_0\Obj\scb_15490842639181808494.dir\cy_scb_ezi2c.o"
#        "D:\intelligent
#        vehicle\2026\balance_car\Seekfree_CYT4BB_Opensource_Library\project\iar\Debug_m7_0\Obj\scb_15490842639181808494.dir\cy_scb_i2c.o"
#        "D:\intelligent
#        vehicle\2026\balance_car\Seekfree_CYT4BB_Opensource_Library\project\iar\Debug_m7_0\Obj\scb_15490842639181808494.dir\cy_scb_spi.o"
#        "D:\intelligent
#        vehicle\2026\balance_car\Seekfree_CYT4BB_Opensource_Library\project\iar\Debug_m7_0\Obj\scb_15490842639181808494.dir\cy_scb_uart.o"
#        "D:\intelligent
#        vehicle\2026\balance_car\Seekfree_CYT4BB_Opensource_Library\project\iar\Debug_m7_0\Obj\sd_host_2982766354293506895.dir\cy_sd_host.o"
#        "D:\intelligent
#        vehicle\2026\balance_car\Seekfree_CYT4BB_Opensource_Library\project\iar\Debug_m7_0\Obj\semihosting_143864889731838620.dir\cy_semihosting.o"
#        "D:\intelligent
#        vehicle\2026\balance_car\Seekfree_CYT4BB_Opensource_Library\project\iar\Debug_m7_0\Obj\smartio_5451710003740070188.dir\cy_smartio.o"
#        "D:\intelligent
#        vehicle\2026\balance_car\Seekfree_CYT4BB_Opensource_Library\project\iar\Debug_m7_0\Obj\smif_427648126384146252.dir\cy_smif.o"
#        "D:\intelligent
#        vehicle\2026\balance_car\Seekfree_CYT4BB_Opensource_Library\project\iar\Debug_m7_0\Obj\smif_mem_6470536964353725183.dir\cy_smif_device_common.o"
#        "D:\intelligent
#        vehicle\2026\balance_car\Seekfree_CYT4BB_Opensource_Library\project\iar\Debug_m7_0\Obj\smif_mem_6470536964353725183.dir\cy_smif_hb_flash.o"
#        "D:\intelligent
#        vehicle\2026\balance_car\Seekfree_CYT4BB_Opensource_Library\project\iar\Debug_m7_0\Obj\smif_427648126384146252.dir\cy_smif_memslot.o"
#        "D:\intelligent
#        vehicle\2026\balance_car\Seekfree_CYT4BB_Opensource_Library\project\iar\Debug_m7_0\Obj\smif_mem_6470536964353725183.dir\cy_smif_s25fl.o"
#        "D:\intelligent
#        vehicle\2026\balance_car\Seekfree_CYT4BB_Opensource_Library\project\iar\Debug_m7_0\Obj\smif_mem_6470536964353725183.dir\cy_smif_s25fs.o"
#        "D:\intelligent
#        vehicle\2026\balance_car\Seekfree_CYT4BB_Opensource_Library\project\iar\Debug_m7_0\Obj\smif_mem_6470536964353725183.dir\cy_smif_semp.o"
#        "D:\intelligent
#        vehicle\2026\balance_car\Seekfree_CYT4BB_Opensource_Library\project\iar\Debug_m7_0\Obj\smif_427648126384146252.dir\cy_smif_ver_specific.o"
#        "D:\intelligent
#        vehicle\2026\balance_car\Seekfree_CYT4BB_Opensource_Library\project\iar\Debug_m7_0\Obj\srom_13018798572330080582.dir\cy_srom.o"
#        "D:\intelligent
#        vehicle\2026\balance_car\Seekfree_CYT4BB_Opensource_Library\project\iar\Debug_m7_0\Obj\sw_timer_4215635015939382130.dir\cy_sw_tmr.o"
#        "D:\intelligent
#        vehicle\2026\balance_car\Seekfree_CYT4BB_Opensource_Library\project\iar\Debug_m7_0\Obj\sysclk_16149231235676103872.dir\cy_sysclk.o"
#        "D:\intelligent
#        vehicle\2026\balance_car\Seekfree_CYT4BB_Opensource_Library\project\iar\Debug_m7_0\Obj\sysflt_12293435975120599261.dir\cy_sysflt.o"
#        "D:\intelligent
#        vehicle\2026\balance_car\Seekfree_CYT4BB_Opensource_Library\project\iar\Debug_m7_0\Obj\sysint_7435970359207984181.dir\cy_sysint.o"
#        "D:\intelligent
#        vehicle\2026\balance_car\Seekfree_CYT4BB_Opensource_Library\project\iar\Debug_m7_0\Obj\syslib_16330585751512546975.dir\cy_syslib.o"
#        "D:\intelligent
#        vehicle\2026\balance_car\Seekfree_CYT4BB_Opensource_Library\project\iar\Debug_m7_0\Obj\syslib_16330585751512546975.dir\cy_syslib_iar.o"
#        "D:\intelligent
#        vehicle\2026\balance_car\Seekfree_CYT4BB_Opensource_Library\project\iar\Debug_m7_0\Obj\syspm_10887939769544754770.dir\cy_syspm.o"
#        "D:\intelligent
#        vehicle\2026\balance_car\Seekfree_CYT4BB_Opensource_Library\project\iar\Debug_m7_0\Obj\sysreghc_17676636058511625587.dir\cy_sysreghc.o"
#        "D:\intelligent
#        vehicle\2026\balance_car\Seekfree_CYT4BB_Opensource_Library\project\iar\Debug_m7_0\Obj\sysreset_14586141425677365288.dir\cy_sysreset.o"
#        "D:\intelligent
#        vehicle\2026\balance_car\Seekfree_CYT4BB_Opensource_Library\project\iar\Debug_m7_0\Obj\sysrtc_10747768817563771611.dir\cy_sysrtc.o"
#        "D:\intelligent
#        vehicle\2026\balance_car\Seekfree_CYT4BB_Opensource_Library\project\iar\Debug_m7_0\Obj\systick_16016591671695740695.dir\cy_systick.o"
#        "D:\intelligent
#        vehicle\2026\balance_car\Seekfree_CYT4BB_Opensource_Library\project\iar\Debug_m7_0\Obj\syswdt_9118657615806274156.dir\cy_syswdt.o"
#        "D:\intelligent
#        vehicle\2026\balance_car\Seekfree_CYT4BB_Opensource_Library\project\iar\Debug_m7_0\Obj\tcpwm_422923530147891246.dir\cy_tcpwm.o"
#        "D:\intelligent
#        vehicle\2026\balance_car\Seekfree_CYT4BB_Opensource_Library\project\iar\Debug_m7_0\Obj\tcpwm_422923530147891246.dir\cy_tcpwm_counter.o"
#        "D:\intelligent
#        vehicle\2026\balance_car\Seekfree_CYT4BB_Opensource_Library\project\iar\Debug_m7_0\Obj\tcpwm_422923530147891246.dir\cy_tcpwm_pwm.o"
#        "D:\intelligent
#        vehicle\2026\balance_car\Seekfree_CYT4BB_Opensource_Library\project\iar\Debug_m7_0\Obj\tcpwm_422923530147891246.dir\cy_tcpwm_quaddec.o"
#        "D:\intelligent
#        vehicle\2026\balance_car\Seekfree_CYT4BB_Opensource_Library\project\iar\Debug_m7_0\Obj\tcpwm_422923530147891246.dir\cy_tcpwm_sr.o"
#        "D:\intelligent
#        vehicle\2026\balance_car\Seekfree_CYT4BB_Opensource_Library\project\iar\Debug_m7_0\Obj\trigmux_9729677290734583340.dir\cy_trigmux.o"
#        "D:\intelligent
#        vehicle\2026\balance_car\Seekfree_CYT4BB_Opensource_Library\project\iar\Debug_m7_0\Obj\ethernet_6029839089178797009.dir\edd.o"
#        "D:\intelligent
#        vehicle\2026\balance_car\Seekfree_CYT4BB_Opensource_Library\project\iar\Debug_m7_0\Obj\ethernet_6029839089178797009.dir\edd_rx.o"
#        "D:\intelligent
#        vehicle\2026\balance_car\Seekfree_CYT4BB_Opensource_Library\project\iar\Debug_m7_0\Obj\ethernet_6029839089178797009.dir\edd_tx.o"
#        "D:\intelligent
#        vehicle\2026\balance_car\Seekfree_CYT4BB_Opensource_Library\project\iar\Debug_m7_0\Obj\imu_17780663299905136167.dir\imu.o"
#        "D:\intelligent
#        vehicle\2026\balance_car\Seekfree_CYT4BB_Opensource_Library\project\iar\Debug_m7_0\Obj\leg_7394441705452296941.dir\jacobian.o"
#        "D:\intelligent
#        vehicle\2026\balance_car\Seekfree_CYT4BB_Opensource_Library\project\iar\Debug_m7_0\Obj\leg_7394441705452296941.dir\kinematics.o"
#        "D:\intelligent
#        vehicle\2026\balance_car\Seekfree_CYT4BB_Opensource_Library\project\iar\Debug_m7_0\Obj\leg_7394441705452296941.dir\leg_cmd_solve.o"
#        "D:\intelligent
#        vehicle\2026\balance_car\Seekfree_CYT4BB_Opensource_Library\project\iar\Debug_m7_0\Obj\vision_3276488451894099314.dir\line_detect.o"
#        "D:\intelligent
#        vehicle\2026\balance_car\Seekfree_CYT4BB_Opensource_Library\project\iar\Debug_m7_0\Obj\user_8514941877209965082.dir\main_cm7_0.o"
#        "D:\intelligent
#        vehicle\2026\balance_car\Seekfree_CYT4BB_Opensource_Library\project\iar\Debug_m7_0\Obj\mode_7094989418832824623.dir\mode_manager.o"
#        "D:\intelligent
#        vehicle\2026\balance_car\Seekfree_CYT4BB_Opensource_Library\project\iar\Debug_m7_0\Obj\navigation_2670009482317128430.dir\nav_engine.o"
#        "D:\intelligent
#        vehicle\2026\balance_car\Seekfree_CYT4BB_Opensource_Library\project\iar\Debug_m7_0\Obj\vision_3276488451894099314.dir\obstacle_detect.o"
#        "D:\intelligent
#        vehicle\2026\balance_car\Seekfree_CYT4BB_Opensource_Library\project\iar\Debug_m7_0\Obj\ui_1957667966967368638.dir\page_dashboard.o"
#        "D:\intelligent
#        vehicle\2026\balance_car\Seekfree_CYT4BB_Opensource_Library\project\iar\Debug_m7_0\Obj\ui_1957667966967368638.dir\page_imu_debug.o"
#        "D:\intelligent
#        vehicle\2026\balance_car\Seekfree_CYT4BB_Opensource_Library\project\iar\Debug_m7_0\Obj\ui_1957667966967368638.dir\page_nav_debug.o"
#        "D:\intelligent
#        vehicle\2026\balance_car\Seekfree_CYT4BB_Opensource_Library\project\iar\Debug_m7_0\Obj\ui_1957667966967368638.dir\page_pid.o"
#        "D:\intelligent
#        vehicle\2026\balance_car\Seekfree_CYT4BB_Opensource_Library\project\iar\Debug_m7_0\Obj\ui_1957667966967368638.dir\page_remote.o"
#        "D:\intelligent
#        vehicle\2026\balance_car\Seekfree_CYT4BB_Opensource_Library\project\iar\Debug_m7_0\Obj\param_17995070733126381718.dir\param_manager.o"
#        "D:\intelligent
#        vehicle\2026\balance_car\Seekfree_CYT4BB_Opensource_Library\project\iar\Debug_m7_0\Obj\pid_8963845947738349576.dir\pid_calculate.o"
#        "D:\intelligent
#        vehicle\2026\balance_car\Seekfree_CYT4BB_Opensource_Library\project\iar\Debug_m7_0\Obj\balance_17506811874497203902.dir\pitch_balance.o"
#        "D:\intelligent
#        vehicle\2026\balance_car\Seekfree_CYT4BB_Opensource_Library\project\iar\Debug_m7_0\Obj\remote_1386880670999067411.dir\remote_comm.o"
#        "D:\intelligent
#        vehicle\2026\balance_car\Seekfree_CYT4BB_Opensource_Library\project\iar\Debug_m7_0\Obj\robot_control_15305091058563308877.dir\robot_control.o"
#        "D:\intelligent
#        vehicle\2026\balance_car\Seekfree_CYT4BB_Opensource_Library\project\iar\Debug_m7_0\Obj\zf_components_14936052685886095442.dir\seekfree_assistant.o"
#        "D:\intelligent
#        vehicle\2026\balance_car\Seekfree_CYT4BB_Opensource_Library\project\iar\Debug_m7_0\Obj\zf_components_14936052685886095442.dir\seekfree_assistant_interface.o"
#        "D:\intelligent
#        vehicle\2026\balance_car\Seekfree_CYT4BB_Opensource_Library\project\iar\Debug_m7_0\Obj\robot_control_15305091058563308877.dir\small_driver_uart_control.o"
#        "D:\intelligent
#        vehicle\2026\balance_car\Seekfree_CYT4BB_Opensource_Library\project\iar\Debug_m7_0\Obj\startup_479057977785470282.dir\startup.o"
#        "D:\intelligent
#        vehicle\2026\balance_car\Seekfree_CYT4BB_Opensource_Library\project\iar\Debug_m7_0\Obj\startup_479057977785470282.dir\startup_cm7.o"
#        "D:\intelligent
#        vehicle\2026\balance_car\Seekfree_CYT4BB_Opensource_Library\project\iar\Debug_m7_0\Obj\rev_b_4986922561640112550.dir\system_tviibh4m_cm7.o"
#        "D:\intelligent
#        vehicle\2026\balance_car\Seekfree_CYT4BB_Opensource_Library\project\iar\Debug_m7_0\Obj\ui_1957667966967368638.dir\ui_manager.o"
#        "D:\intelligent
#        vehicle\2026\balance_car\Seekfree_CYT4BB_Opensource_Library\project\iar\Debug_m7_0\Obj\vision_3276488451894099314.dir\vision_pipeline.o"
#        "D:\intelligent
#        vehicle\2026\balance_car\Seekfree_CYT4BB_Opensource_Library\project\iar\Debug_m7_0\Obj\leg_7394441705452296941.dir\vmc_calculate.o"
#        "D:\intelligent
#        vehicle\2026\balance_car\Seekfree_CYT4BB_Opensource_Library\project\iar\Debug_m7_0\Obj\zf_common_1201165462030747823.dir\zf_common_clock.o"
#        "D:\intelligent
#        vehicle\2026\balance_car\Seekfree_CYT4BB_Opensource_Library\project\iar\Debug_m7_0\Obj\zf_common_1201165462030747823.dir\zf_common_debug.o"
#        "D:\intelligent
#        vehicle\2026\balance_car\Seekfree_CYT4BB_Opensource_Library\project\iar\Debug_m7_0\Obj\zf_common_1201165462030747823.dir\zf_common_fifo.o"
#        "D:\intelligent
#        vehicle\2026\balance_car\Seekfree_CYT4BB_Opensource_Library\project\iar\Debug_m7_0\Obj\zf_common_1201165462030747823.dir\zf_common_font.o"
#        "D:\intelligent
#        vehicle\2026\balance_car\Seekfree_CYT4BB_Opensource_Library\project\iar\Debug_m7_0\Obj\zf_common_1201165462030747823.dir\zf_common_function.o"
#        "D:\intelligent
#        vehicle\2026\balance_car\Seekfree_CYT4BB_Opensource_Library\project\iar\Debug_m7_0\Obj\zf_common_1201165462030747823.dir\zf_common_interrupt.o"
#        "D:\intelligent
#        vehicle\2026\balance_car\Seekfree_CYT4BB_Opensource_Library\project\iar\Debug_m7_0\Obj\zf_device_6570275422786408770.dir\zf_device_ble6a20.o"
#        "D:\intelligent
#        vehicle\2026\balance_car\Seekfree_CYT4BB_Opensource_Library\project\iar\Debug_m7_0\Obj\zf_device_6570275422786408770.dir\zf_device_dl1a.o"
#        "D:\intelligent
#        vehicle\2026\balance_car\Seekfree_CYT4BB_Opensource_Library\project\iar\Debug_m7_0\Obj\zf_device_6570275422786408770.dir\zf_device_dl1b.o"
#        "D:\intelligent
#        vehicle\2026\balance_car\Seekfree_CYT4BB_Opensource_Library\project\iar\Debug_m7_0\Obj\zf_device_6570275422786408770.dir\zf_device_gnss.o"
#        "D:\intelligent
#        vehicle\2026\balance_car\Seekfree_CYT4BB_Opensource_Library\project\iar\Debug_m7_0\Obj\zf_device_6570275422786408770.dir\zf_device_icm20602.o"
#        "D:\intelligent
#        vehicle\2026\balance_car\Seekfree_CYT4BB_Opensource_Library\project\iar\Debug_m7_0\Obj\zf_device_6570275422786408770.dir\zf_device_imu660ra.o"
#        "D:\intelligent
#        vehicle\2026\balance_car\Seekfree_CYT4BB_Opensource_Library\project\iar\Debug_m7_0\Obj\zf_device_6570275422786408770.dir\zf_device_imu660rb.o"
#        "D:\intelligent
#        vehicle\2026\balance_car\Seekfree_CYT4BB_Opensource_Library\project\iar\Debug_m7_0\Obj\zf_device_6570275422786408770.dir\zf_device_imu660rc.o"
#        "D:\intelligent
#        vehicle\2026\balance_car\Seekfree_CYT4BB_Opensource_Library\project\iar\Debug_m7_0\Obj\zf_device_6570275422786408770.dir\zf_device_imu963ra.o"
#        "D:\intelligent
#        vehicle\2026\balance_car\Seekfree_CYT4BB_Opensource_Library\project\iar\Debug_m7_0\Obj\zf_device_6570275422786408770.dir\zf_device_ips114.o"
#        "D:\intelligent
#        vehicle\2026\balance_car\Seekfree_CYT4BB_Opensource_Library\project\iar\Debug_m7_0\Obj\zf_device_6570275422786408770.dir\zf_device_ips200.o"
#        "D:\intelligent
#        vehicle\2026\balance_car\Seekfree_CYT4BB_Opensource_Library\project\iar\Debug_m7_0\Obj\zf_device_6570275422786408770.dir\zf_device_ips200pro.o"
#        "D:\intelligent
#        vehicle\2026\balance_car\Seekfree_CYT4BB_Opensource_Library\project\iar\Debug_m7_0\Obj\zf_device_6570275422786408770.dir\zf_device_key.o"
#        "D:\intelligent
#        vehicle\2026\balance_car\Seekfree_CYT4BB_Opensource_Library\project\iar\Debug_m7_0\Obj\zf_device_6570275422786408770.dir\zf_device_lora3a22.o"
#        "D:\intelligent
#        vehicle\2026\balance_car\Seekfree_CYT4BB_Opensource_Library\project\iar\Debug_m7_0\Obj\zf_device_6570275422786408770.dir\zf_device_menc15a.o"
#        "D:\intelligent
#        vehicle\2026\balance_car\Seekfree_CYT4BB_Opensource_Library\project\iar\Debug_m7_0\Obj\zf_device_6570275422786408770.dir\zf_device_mt9v03x.o"
#        "D:\intelligent
#        vehicle\2026\balance_car\Seekfree_CYT4BB_Opensource_Library\project\iar\Debug_m7_0\Obj\zf_device_6570275422786408770.dir\zf_device_oled.o"
#        "D:\intelligent
#        vehicle\2026\balance_car\Seekfree_CYT4BB_Opensource_Library\project\iar\Debug_m7_0\Obj\zf_device_6570275422786408770.dir\zf_device_pmw3901.o"
#        "D:\intelligent
#        vehicle\2026\balance_car\Seekfree_CYT4BB_Opensource_Library\project\iar\Debug_m7_0\Obj\zf_device_6570275422786408770.dir\zf_device_tft180.o"
#        "D:\intelligent
#        vehicle\2026\balance_car\Seekfree_CYT4BB_Opensource_Library\project\iar\Debug_m7_0\Obj\zf_device_6570275422786408770.dir\zf_device_tsl1401.o"
#        "D:\intelligent
#        vehicle\2026\balance_car\Seekfree_CYT4BB_Opensource_Library\project\iar\Debug_m7_0\Obj\zf_device_6570275422786408770.dir\zf_device_type.o"
#        "D:\intelligent
#        vehicle\2026\balance_car\Seekfree_CYT4BB_Opensource_Library\project\iar\Debug_m7_0\Obj\zf_device_6570275422786408770.dir\zf_device_uart_receiver.o"
#        "D:\intelligent
#        vehicle\2026\balance_car\Seekfree_CYT4BB_Opensource_Library\project\iar\Debug_m7_0\Obj\zf_device_6570275422786408770.dir\zf_device_upflow302.o"
#        "D:\intelligent
#        vehicle\2026\balance_car\Seekfree_CYT4BB_Opensource_Library\project\iar\Debug_m7_0\Obj\zf_device_6570275422786408770.dir\zf_device_wifi_spi.o"
#        "D:\intelligent
#        vehicle\2026\balance_car\Seekfree_CYT4BB_Opensource_Library\project\iar\Debug_m7_0\Obj\zf_device_6570275422786408770.dir\zf_device_wifi_uart.o"
#        "D:\intelligent
#        vehicle\2026\balance_car\Seekfree_CYT4BB_Opensource_Library\project\iar\Debug_m7_0\Obj\zf_device_6570275422786408770.dir\zf_device_wireless_uart.o"
#        "D:\intelligent
#        vehicle\2026\balance_car\Seekfree_CYT4BB_Opensource_Library\project\iar\Debug_m7_0\Obj\zf_driver_11922370083829174090.dir\zf_driver_adc.o"
#        "D:\intelligent
#        vehicle\2026\balance_car\Seekfree_CYT4BB_Opensource_Library\project\iar\Debug_m7_0\Obj\zf_driver_11922370083829174090.dir\zf_driver_delay.o"
#        "D:\intelligent
#        vehicle\2026\balance_car\Seekfree_CYT4BB_Opensource_Library\project\iar\Debug_m7_0\Obj\zf_driver_11922370083829174090.dir\zf_driver_dma.o"
#        "D:\intelligent
#        vehicle\2026\balance_car\Seekfree_CYT4BB_Opensource_Library\project\iar\Debug_m7_0\Obj\zf_driver_11922370083829174090.dir\zf_driver_encoder.o"
#        "D:\intelligent
#        vehicle\2026\balance_car\Seekfree_CYT4BB_Opensource_Library\project\iar\Debug_m7_0\Obj\zf_driver_11922370083829174090.dir\zf_driver_exti.o"
#        "D:\intelligent
#        vehicle\2026\balance_car\Seekfree_CYT4BB_Opensource_Library\project\iar\Debug_m7_0\Obj\zf_driver_11922370083829174090.dir\zf_driver_flash.o"
#        "D:\intelligent
#        vehicle\2026\balance_car\Seekfree_CYT4BB_Opensource_Library\project\iar\Debug_m7_0\Obj\zf_driver_11922370083829174090.dir\zf_driver_gpio.o"
#        "D:\intelligent
#        vehicle\2026\balance_car\Seekfree_CYT4BB_Opensource_Library\project\iar\Debug_m7_0\Obj\zf_driver_11922370083829174090.dir\zf_driver_ipc.o"
#        "D:\intelligent
#        vehicle\2026\balance_car\Seekfree_CYT4BB_Opensource_Library\project\iar\Debug_m7_0\Obj\zf_driver_11922370083829174090.dir\zf_driver_pit.o"
#        "D:\intelligent
#        vehicle\2026\balance_car\Seekfree_CYT4BB_Opensource_Library\project\iar\Debug_m7_0\Obj\zf_driver_11922370083829174090.dir\zf_driver_pwm.o"
#        "D:\intelligent
#        vehicle\2026\balance_car\Seekfree_CYT4BB_Opensource_Library\project\iar\Debug_m7_0\Obj\zf_driver_11922370083829174090.dir\zf_driver_soft_iic.o"
#        "D:\intelligent
#        vehicle\2026\balance_car\Seekfree_CYT4BB_Opensource_Library\project\iar\Debug_m7_0\Obj\zf_driver_11922370083829174090.dir\zf_driver_soft_spi.o"
#        "D:\intelligent
#        vehicle\2026\balance_car\Seekfree_CYT4BB_Opensource_Library\project\iar\Debug_m7_0\Obj\zf_driver_11922370083829174090.dir\zf_driver_spi.o"
#        "D:\intelligent
#        vehicle\2026\balance_car\Seekfree_CYT4BB_Opensource_Library\project\iar\Debug_m7_0\Obj\zf_driver_11922370083829174090.dir\zf_driver_timer.o"
#        "D:\intelligent
#        vehicle\2026\balance_car\Seekfree_CYT4BB_Opensource_Library\project\iar\Debug_m7_0\Obj\zf_driver_11922370083829174090.dir\zf_driver_uart.o"
#        --no_out_extension -o "D:\intelligent
#        vehicle\2026\balance_car\Seekfree_CYT4BB_Opensource_Library\project\iar\project_config\Debug_m7_0\Exe\cyt4bb7_cm_7_0.out"
#        --config_def _CORE_cm7_0_=0 --config_def _LINK_flash_=0 --map
#        "D:\intelligent
#        vehicle\2026\balance_car\Seekfree_CYT4BB_Opensource_Library\project\iar\Debug_m7_0\List\cyt4bb7_cm_7_0.map"
#        --config "D:\intelligent
#        vehicle\2026\balance_car\Seekfree_CYT4BB_Opensource_Library\project\iar\project_config\..\icf\linker_directives_tviibh.icf"
#        --semihosting "D:\intelligent
#        vehicle\2026\balance_car\Seekfree_CYT4BB_Opensource_Library\project\iar\project_config\..\..\..\libraries\sdk\tviibh4m\src\drivers\crypto\libs\libcrypto_server_cm0plus_iar.a"
#        "D:\intelligent
#        vehicle\2026\balance_car\Seekfree_CYT4BB_Opensource_Library\project\iar\project_config\..\..\..\libraries\zf_device\zf_device_config.a"
#        "D:\intelligent
#        vehicle\2026\balance_car\Seekfree_CYT4BB_Opensource_Library\project\iar\project_config\..\..\..\libraries\sdk\common\hdr\cmsis\dsp\iar_cortexM7lf_math.a"
#        --entry __iar_program_start --vfe --text_out locale --cpu=Cortex-M7
#        --fpu=VFPv5_d16) --dependencies=n "D:\intelligent
#        vehicle\2026\balance_car\Seekfree_CYT4BB_Opensource_Library\project\iar\project_config\Debug_m7_0\Exe\cyt4bb7_cm_7_0.out.iar_deps"
#
###############################################################################

*******************************************************************************
*** RUNTIME MODEL ATTRIBUTES
***

CppFlavor       = *
__CPP_Runtime   = 1
__Heap_Handler  = Basic
__SystemLibrary = DLib
__dlib_version  = 6


*******************************************************************************
*** HEAP SELECTION
***

The basic heap was selected because --advanced_heap
was not specified and the application did not appear to
be primarily optimized for speed.


*******************************************************************************
*** PLACEMENT SUMMARY
***

"A0":  place at start of [from 0x1008'0000 to 0x1027'ffff] { section .intvec };
"P1":  place in [from 0x1008'0000 to 0x1027'ffff] { ro };
"P2":  place in [from 0x2802'0000 to 0x2807'ffff] { rw };
define block HEAP with size = 1K, alignment = 8 { };
define block CSTACK with size = 8K, alignment = 8 { };
define block HEAP_STACK { block HEAP, last block CSTACK };
"A1":  place at end of [from 0x2802'0000 to 0x2807'ffff] { block HEAP_STACK };
do not initialize { section .intvec_ram };
initialize by copy { rw };

No sections matched the following patterns:

  ro section .sflash_app_prot  in "P6"
  ro section .sflash_nar       in "P4"
  ro section .sflash_pkey      in "P5"
  ro section .sflash_toc2      in "P7"
  ro section .sflash_uf_rows   in "P3"
  ro section .work_flash       in "P8"
  section .global_ram_data     in "P9"


  Section            Kind         Address    Size  Object
  -------            ----         -------    ----  ------
"A0":                                        0x80
  .intvec            ro code  0x1008'0000    0x80  startup_cm7.o [39]
                            - 0x1008'0080    0x80

"P1":                                      0xa9dd
  .text              ro code  0x1008'0080   0xeae  xprintffull_nomb.o [60]
  .text              ro code  0x1008'0f2e    0x7e  lz77_init_single.o [62]
  .text              ro code  0x1008'0fac    0x16  strchr.o [62]
  .text              ro code  0x1008'0fc2     0xa  xsprout.o [60]
  .text              ro code  0x1008'0fcc    0x40  xfail_s.o [60]
  .text              ro code  0x1008'100c    0x36  strlen.o [62]
  .text              ro code  0x1008'1044    0x58  memchr.o [62]
  .text              ro code  0x1008'109c    0xa6  ABImemcpy.o [62]
  .text              ro code  0x1008'1144    0x70  frexp.o [61]
  .text              ro code  0x1008'11b4    0x34  DblCmpLe.o [61]
  .text              ro code  0x1008'11e8    0x34  DblCmpGe.o [61]
  .text              ro code  0x1008'121c   0x104  ldexp.o [61]
  .text              ro code  0x1008'1320     0xe  DblToS32.o [61]
  .text              ro code  0x1008'132e     0xe  S32ToDbl.o [61]
  .text              ro code  0x1008'133c    0x12  DblSub.o [61]
  .text              ro code  0x1008'134e    0x12  DblDiv.o [61]
  .text              ro code  0x1008'1360     0xe  DblToU32.o [61]
  .text              ro code  0x1008'136e     0xe  U32ToDbl.o [61]
  .text              ro code  0x1008'137c    0x12  DblMul.o [61]
  .text              ro code  0x1008'1390   0x230  I64DivMod.o [62]
  .text              ro code  0x1008'15c0     0x6  abort.o [60]
  .text              ro code  0x1008'15c8     0x2  I64DivZer.o [62]
  .text              ro code  0x1008'15cc    0x14  exit.o [63]
  .text              ro code  0x1008'15e0   0xc34  zf_driver_spi.o [59]
  .text              ro code  0x1008'2214    0x66  ABImemset.o [62]
  .text              ro code  0x1008'227c   0x464  zf_common_debug.o [56]
  .text              ro code  0x1008'26e0   0x194  cy_gpio.o [14]
  .text              ro code  0x1008'2874   0x1f0  cy_scb_spi.o [32]
  .text              ro code  0x1008'2a64   0xb84  zf_driver_uart.o [59]
  .text              ro code  0x1008'35e8    0x40  sprintf.o [60]
  .text              ro code  0x1008'3628   0x610  zf_common_fifo.o [56]
  .text              ro code  0x1008'3c38    0xe2  zf_common_interrupt.o [56]
  .text              ro code  0x1008'3d1c     0x6  ABImemclr4.o [62]
  .text              ro code  0x1008'3d24   0x314  cy_scb_uart.o [32]
  .text              ro code  0x1008'4038    0x20  zf_driver_pwm.o [59]
  .text              ro code  0x1008'4058    0xac  cy_sysint.o [43]
  .text              ro code  0x1008'4104    0x32  ABImemset48.o [62]
  .text              ro code  0x1008'4138   0x8e8  cy_sysclk.o [41]
  .text              ro code  0x1008'4a20    0x70  strncpy.o [62]
  .text              ro code  0x1008'4a90    0xa8  cy_syslib.o [44]
  .text              ro code  0x1008'4b38     0x2  cy_syslib.o [44]
  .text              ro code  0x1008'4b3c   0x858  zf_device_config_mt9v03x.o [64]
  .text              ro code  0x1008'5394   0x5fc  zf_driver_soft_iic.o [59]
  .text              ro code  0x1008'5990   0x17c  zf_driver_gpio.o [59]
  .text              ro code  0x1008'5b0c   0x534  zf_device_wifi_spi.o [58]
  .text              ro code  0x1008'6040   0x2d8  zf_driver_delay.o [59]
  .text              ro code  0x1008'6318   0x1ae  cy_tcpwm_counter.o [51]
  .text              ro code  0x1008'64c6     0xc  cy_tcpwm.o [51]
  .text              ro code  0x1008'64d4   0x440  nav_engine.o [23]
  .text              ro code  0x1008'6914   0x418  zf_device_mt9v03x.o [58]
  .text              ro code  0x1008'6d2c   0x398  zf_driver_pit.o [59]
  .text              ro code  0x1008'70c4   0x2e8  obstacle_detect.o [55]
  .text              ro code  0x1008'73ac   0x284  seekfree_assistant.o [57]
  .text              ro code  0x1008'7630   0x26c  small_driver_uart_control.o [31]
  .text              ro code  0x1008'789c   0x260  zf_device_imu660rc.o [58]
  .text              ro code  0x1008'7afc    0xdc  zf_driver_exti.o [59]
  .text              ro code  0x1008'7bd8   0x240  robot_control.o [31]
  .text              ro code  0x1008'7e18   0x12c  pid_calculate.o [25]
  .text              ro code  0x1008'7f44   0x16c  page_remote.o [53]
  .text              ro code  0x1008'80b0    0xac  pitch_balance.o [3]
  .text              ro code  0x1008'815c    0x8a  leg_cmd_solve.o [17]
  .text              ro code  0x1008'81e8   0x1a0  vmc_calculate.o [17]
  .text              ro code  0x1008'8388    0x94  seekfree_assistant_interface.o [57]
  .text              ro code  0x1008'841c    0x2c  fmaxf.o [61]
  .text              ro code  0x1008'8448    0x28  fminf.o [61]
  .text              ro code  0x1008'8470    0xe4  kinematics.o [17]
  .text              ro code  0x1008'8554   0x168  jacobian.o [17]
  .text              ro code  0x1008'86bc   0x1d4  cos_sin32.o [61]
  .text              ro code  0x1008'8890    0x1e  sqrtf.o [61]
  .text              ro code  0x1008'88b0   0x20c  imu.o [15]
  .text              ro code  0x1008'8abc    0x6a  atan2f.o [61]
  .text              ro code  0x1008'8b28    0xa4  xatanf.o [61]
  .text              ro code  0x1008'8bcc   0x204  startup.o [39]
  .text              ro code  0x1008'8dd0   0x150  system_tviibh4m_cm7.o [29]
  .text              ro code  0x1008'8f20     0x8  startup_cm7.o [39]
  .text              ro code  0x1008'8f28     0x6  startup_cm7.o [39]
  .text              ro code  0x1008'8f30   0x1cc  zf_device_wifi_uart.o [58]
  .text              ro code  0x1008'90fc    0x2c  strstr.o [60]
  .text              ro code  0x1008'9128    0x8c  zf_common_function.o [56]
  .text              ro code  0x1008'91b4   0x198  cy_interrupt_map.o [30]
  .text              ro code  0x1008'934c   0x190  line_detect.o [55]
  .text              ro code  0x1008'94dc   0x17c  cm7_0_isr.o [54]
  .text              ro code  0x1008'9658    0x7c  zf_device_tsl1401.o [58]
  .text              ro code  0x1008'96d4   0x114  zf_device_gnss.o [58]
  .text              ro code  0x1008'97e8    0x74  zf_driver_adc.o [59]
  .text              ro code  0x1008'985c    0x2a  strncmp.o [60]
  .text              ro code  0x1008'9888    0xc4  main_cm7_0.o [54]
  .text              ro code  0x1008'994c    0x1c  zf_common_clock.o [56]
  .text              ro code  0x1008'9968    0xb4  vision_pipeline.o [55]
  .text              ro code  0x1008'9a1c    0x54  ui_manager.o [53]
  .text              ro code  0x1008'9a70    0xbc  page_dashboard.o [53]
  .text              ro code  0x1008'9b2c    0x38  page_imu_debug.o [53]
  .text              ro code  0x1008'9b64    0x84  page_nav_debug.o [53]
  .text              ro code  0x1008'9be8    0xb0  startup_cm7.o [39]
  .text              ro code  0x1008'9c98    0x98  zf_device_ble6a20.o [58]
  .text              ro code  0x1008'9d30    0x98  zf_device_wireless_uart.o [58]
  .rodata            const    0x1008'9dc8    0x84  cy_sysclk.o [41]
  .rodata            const    0x1008'9e4c    0x84  cy_sysclk.o [41]
  .rodata            const    0x1008'9ed0    0x84  system_tviibh4m_cm7.o [29]
  .rodata            const    0x1008'9f54    0x7c  zf_device_wireless_uart.o [58]
  .rodata            const    0x1008'9fd0    0x78  seekfree_assistant.o [57]
  .rodata            const    0x1008'a048    0x78  zf_device_wifi_uart.o [58]
  .rodata            const    0x1008'a0c0    0x74  zf_common_function.o [56]
  .rodata            const    0x1008'a134    0x74  zf_device_ble6a20.o [58]
  .rodata            const    0x1008'a1a8    0x74  zf_device_imu660rc.o [58]
  .rodata            const    0x1008'a21c    0x74  zf_device_wifi_spi.o [58]
  .rodata            const    0x1008'a290    0x74  zf_driver_soft_iic.o [59]
  .rodata            const    0x1008'a304    0x70  zf_common_fifo.o [56]
  .rodata            const    0x1008'a374    0x70  zf_driver_spi.o [59]
  .rodata            const    0x1008'a3e4    0x70  zf_driver_uart.o [59]
  .rodata            const    0x1008'a454    0x68  main_cm7_0.o [54]
  .rodata            const    0x1008'a4bc    0x60  nav_engine.o [23]
  .text              ro code  0x1008'a51c    0x38  zero_init3.o [62]
  .rodata            const    0x1008'a554    0x28  zf_device_mt9v03x.o [58]
  .text              ro code  0x1008'a57c    0x28  data_init.o [62]
  .text              ro code  0x1008'a5a4    0x22  fpinit_M.o [61]
  .iar.init_table    const    0x1008'a5c8    0x20  - Linker created -
  .text              ro code  0x1008'a5e8    0x20  startup_cm7.o [39]
  .text              ro code  0x1008'a610    0x1e  cy_syslib_iar.o [44]
  .text              ro code  0x1008'a630    0x1e  cmain.o [62]
  .text              ro code  0x1008'a650     0x4  startup_cm7.o [39]
  .text              ro code  0x1008'a654     0x4  exit.o [60]
  .text              ro code  0x1008'a658     0xa  cexit.o [62]
  .rodata            const    0x1008'a664    0x1c  zf_common_debug.o [56]
  .rodata            const    0x1008'a680    0x1c  zf_device_imu660rc.o [58]
  .text              ro code  0x1008'a69c    0x1c  startup_cm7.o [39]
  .text              ro code  0x1008'a6b8    0x1c  cstartup_M.o [62]
  .rodata            const    0x1008'a6d4    0x18  startup.o [39]
  .rodata            const    0x1008'a6ec    0x18  system_tviibh4m_cm7.o [29]
  .rodata            const    0x1008'a704    0x18  zf_common_debug.o [56]
  .rodata            const    0x1008'a71c    0x14  main_cm7_0.o [54]
  .rodata            const    0x1008'a730    0x14  zf_device_wifi_spi.o [58]
  .rodata            const    0x1008'a744    0x10  page_remote.o [53]
  .rodata            const    0x1008'a754    0x10  page_remote.o [53]
  .rodata            const    0x1008'a764    0x10  zf_common_debug.o [56]
  .rodata            const    0x1008'a774    0x10  zf_common_debug.o [56]
  .rodata            const    0x1008'a784    0x10  zf_device_wifi_uart.o [58]
  .rodata            const    0x1008'a794     0xc  page_remote.o [53]
  .rodata            const    0x1008'a7a0     0xc  zf_common_debug.o [56]
  .rodata            const    0x1008'a7ac     0xc  zf_common_debug.o [56]
  .rodata            const    0x1008'a7b8     0xc  zf_common_debug.o [56]
  .rodata            const    0x1008'a7c4     0xc  zf_device_wifi_spi.o [58]
  .rodata            const    0x1008'a7d0     0xc  zf_device_wifi_uart.o [58]
  .text              ro code  0x1008'a7dc     0xc  cy_syslib.o [44]
  .rodata            const    0x1008'a7e8     0x8  cy_sysclk.o [41]
  .rodata            const    0x1008'a7f0     0x8  page_remote.o [53]
  .rodata            const    0x1008'a7f8     0x8  page_remote.o [53]
  .rodata            const    0x1008'a800     0x8  zf_device_wifi_spi.o [58]
  .rodata            const    0x1008'a808     0x8  zf_device_wifi_uart.o [58]
  .rodata            const    0x1008'a810     0x8  zf_device_wifi_uart.o [58]
  .rodata            const    0x1008'a818     0x4  cy_interrupt_map.o [30]
  .rodata            const    0x1008'a81c     0x4  cy_interrupt_map.o [30]
  .rodata            const    0x1008'a820     0x4  cy_interrupt_map.o [30]
  .rodata            const    0x1008'a824     0x4  cy_interrupt_map.o [30]
  .rodata            const    0x1008'a828     0x4  cy_interrupt_map.o [30]
  .rodata            const    0x1008'a82c     0x4  cy_interrupt_map.o [30]
  .rodata            const    0x1008'a830     0x4  cy_interrupt_map.o [30]
  .rodata            const    0x1008'a834     0x4  cy_interrupt_map.o [30]
  .rodata            const    0x1008'a838     0x4  cy_scb_spi.o [32]
  .rodata            const    0x1008'a83c     0x4  cy_scb_spi.o [32]
  .rodata            const    0x1008'a840     0x4  cy_scb_spi.o [32]
  .rodata            const    0x1008'a844     0x4  cy_scb_spi.o [32]
  .rodata            const    0x1008'a848     0x4  cy_scb_uart.o [32]
  .rodata            const    0x1008'a84c     0x4  cy_scb_uart.o [32]
  .rodata            const    0x1008'a850     0x4  cy_scb_uart.o [32]
  .rodata            const    0x1008'a854     0x4  cy_scb_uart.o [32]
  .rodata            const    0x1008'a858     0x4  cy_scb_uart.o [32]
  .rodata            const    0x1008'a85c     0x4  cy_scb_uart.o [32]
  .rodata            const    0x1008'a860     0x4  cy_scb_uart.o [32]
  .rodata            const    0x1008'a864     0x4  cy_scb_uart.o [32]
  .rodata            const    0x1008'a868     0x4  cy_scb_uart.o [32]
  .rodata            const    0x1008'a86c     0x4  cy_scb_uart.o [32]
  .rodata            const    0x1008'a870     0x4  cy_sysint.o [43]
  .rodata            const    0x1008'a874     0x4  cy_sysint.o [43]
  .rodata            const    0x1008'a878     0x4  cy_tcpwm_counter.o [51]
  .rodata            const    0x1008'a87c     0x4  cy_tcpwm_counter.o [51]
  .rodata            const    0x1008'a880     0x4  cy_tcpwm_counter.o [51]
  .rodata            const    0x1008'a884     0x4  cy_tcpwm_counter.o [51]
  .rodata            const    0x1008'a888     0x4  cy_tcpwm_counter.o [51]
  .text              ro code  0x1008'a88c     0x4  seekfree_assistant_interface.o [57]
  .text              ro code  0x1008'a890     0x4  seekfree_assistant_interface.o [57]
  .text              ro code  0x1008'a894     0x4  startup_cm7.o [39]
  .text              ro code  0x1008'a898     0x4  startup_cm7.o [39]
  .text              ro code  0x1008'a89c     0x4  startup_cm7.o [39]
  .text              ro code  0x1008'a8a0     0x4  startup_cm7.o [39]
  .text              ro code  0x1008'a8a4     0x4  startup_cm7.o [39]
  .text              ro code  0x1008'a8a8     0x4  startup_cm7.o [39]
  .text              ro code  0x1008'a8ac     0x4  startup_cm7.o [39]
  .text              ro code  0x1008'a8b0     0x4  startup_cm7.o [39]
  .text              ro code  0x1008'a8b4     0x4  startup_cm7.o [39]
  .text              ro code  0x1008'a8b8     0x4  startup_cm7.o [39]
  .text              ro code  0x1008'a8bc     0x4  startup_cm7.o [39]
  .text              ro code  0x1008'a8c0     0x4  startup_cm7.o [39]
  .text              ro code  0x1008'a8c4     0x4  startup_cm7.o [39]
  .text              ro code  0x1008'a8c8     0x4  startup_cm7.o [39]
  .text              ro code  0x1008'a8cc     0x4  startup_cm7.o [39]
  .text              ro code  0x1008'a8d0     0x2  zf_device_type.o [58]
  .rodata            const    0x1008'a8d2     0x0  zero_init3.o [62]
  .rodata            const    0x1008'a8d2     0x0  lz77_init_single.o [62]
  Initializer bytes  const    0x1008'a8d2   0x11f  <for P2-1>
                            - 0x1008'a9f1  0xa971

Absolute sections, part 1 of 2:               0x4
  .noinit            uninit   0x2800'6bf0     0x2  zf_device_mt9v03x.o [58]
  .noinit            uninit   0x2800'6bf2     0x2  zf_device_mt9v03x.o [58]
                            - 0x2800'6bf4     0x4

Absolute sections, part 2 of 2:            0x5820
  .noinit            uninit   0x2802'6024  0x5820  zf_device_mt9v03x.o [58]
                            - 0x2802'b844  0x5820

"P2", part 1 of 3:                          0x82d
  P2-1                        0x2802'b844   0x82d  <Init block>
    .data            inited   0x2802'b844   0x6ec  cy_interrupt_map.o [30]
    .data            inited   0x2802'bf30     0x4  cy_interrupt_map.o [30]
    .data            inited   0x2802'bf34    0x1c  nav_engine.o [23]
    .data            inited   0x2802'bf50     0x4  nav_engine.o [23]
    .data            inited   0x2802'bf54    0x18  seekfree_assistant.o [57]
    .data            inited   0x2802'bf6c     0x4  seekfree_assistant.o [57]
    .data            inited   0x2802'bf70     0x4  seekfree_assistant.o [57]
    .data            inited   0x2802'bf74     0x4  zf_device_type.o [58]
    .data            inited   0x2802'bf78     0x4  zf_device_type.o [58]
    .data            inited   0x2802'bf7c     0xc  zf_driver_adc.o [59]
    .data            inited   0x2802'bf88    0x60  zf_driver_exti.o [59]
    .data            inited   0x2802'bfe8    0x3c  zf_driver_pit.o [59]
    .data            inited   0x2802'c024    0x10  zf_driver_spi.o [59]
    .data            inited   0x2802'c034    0x1c  zf_driver_uart.o [59]
    .data            inited   0x2802'c050    0x1c  zf_driver_uart.o [59]
    .data            inited   0x2802'c06c     0x2  zf_driver_delay.o [59]
    .data            inited   0x2802'c06e     0x1  nav_engine.o [23]
    .data            inited   0x2802'c06f     0x1  zf_common_debug.o [56]
    .data            inited   0x2802'c070     0x1  zf_driver_delay.o [59]
                            - 0x2802'c071   0x82d

"P2", part 2 of 3:                         0x67e0
  .bss               zero     0x2802'c074  0x5820  zf_device_mt9v03x.o [58]
  .bss               zero     0x2803'1894   0x400  zf_device_wifi_spi.o [58]
  .bss               zero     0x2803'1c94   0x200  zf_device_tsl1401.o [58]
  .bss               zero     0x2803'1e94   0x188  zf_driver_uart.o [59]
  .bss               zero     0x2803'201c    0x94  zf_device_wifi_uart.o [58]
  .bss               zero     0x2803'20b0    0x80  seekfree_assistant.o [57]
  .bss               zero     0x2803'2130    0x80  zf_device_gnss.o [58]
  .bss               zero     0x2803'21b0    0x80  zf_device_gnss.o [58]
  .bss               zero     0x2803'2230    0x80  zf_device_gnss.o [58]
  .bss               zero     0x2803'22b0    0x70  cy_syslib.o [44]
  .bss               zero     0x2803'2320    0x70  zf_driver_uart.o [59]
  .bss               zero     0x2803'2390    0x4c  seekfree_assistant.o [57]
  .bss               zero     0x2803'23dc    0x48  zf_driver_adc.o [59]
  .bss               zero     0x2803'2424    0x44  main_cm7_0.o [54]
  .bss               zero     0x2803'2468    0x40  main_cm7_0.o [54]
  .bss               zero     0x2803'24a8    0x40  zf_common_debug.o [56]
  .bss               zero     0x2803'24e8    0x2c  small_driver_uart_control.o [31]
  .bss               zero     0x2803'2514    0x24  robot_control.o [31]
  .bss               zero     0x2803'2538    0x24  robot_control.o [31]
  .bss               zero     0x2803'255c    0x24  robot_control.o [31]
  .bss               zero     0x2803'2580    0x24  robot_control.o [31]
  .bss               zero     0x2803'25a4    0x24  seekfree_assistant.o [57]
  .bss               zero     0x2803'25c8    0x20  page_remote.o [53]
  .bss               zero     0x2803'25e8    0x20  seekfree_assistant.o [57]
  .bss               zero     0x2803'2608    0x1c  zf_device_wifi_spi.o [58]
  .bss               zero     0x2803'2624    0x18  cy_sysclk.o [41]
  .bss               zero     0x2803'263c    0x18  cy_syslib.o [44]
  .bss               zero     0x2803'2654    0x18  main_cm7_0.o [54]
  .bss               zero     0x2803'266c    0x18  main_cm7_0.o [54]
  .bss               zero     0x2803'2684    0x18  zf_common_debug.o [56]
  .bss               zero     0x2803'269c    0x18  zf_device_ble6a20.o [58]
  .bss               zero     0x2803'26b4    0x18  zf_device_gnss.o [58]
  .bss               zero     0x2803'26cc    0x18  zf_device_wifi_spi.o [58]
  .bss               zero     0x2803'26e4    0x18  zf_device_wifi_uart.o [58]
  .bss               zero     0x2803'26fc    0x18  zf_device_wireless_uart.o [58]
  .bss               zero     0x2803'2714    0x14  zf_common_debug.o [56]
  .bss               zero     0x2803'2728    0x14  zf_device_wifi_spi.o [58]
  .bss               zero     0x2803'273c    0x10  main_cm7_0.o [54]
  .bss               zero     0x2803'274c    0x10  nav_engine.o [23]
  .bss               zero     0x2803'275c    0x10  vision_pipeline.o [55]
  .bss               zero     0x2803'276c    0x10  zf_device_config_mt9v03x.o [64]
  .bss               zero     0x2803'277c     0xc  main_cm7_0.o [54]
  .bss               zero     0x2803'2788     0xc  zf_device_wifi_spi.o [58]
  .bss               zero     0x2803'2794     0x8  robot_control.o [31]
  .bss               zero     0x2803'279c     0x8  robot_control.o [31]
  .bss               zero     0x2803'27a4     0x8  robot_control.o [31]
  .bss               zero     0x2803'27ac     0x8  seekfree_assistant.o [57]
  .bss               zero     0x2803'27b4     0x8  seekfree_assistant.o [57]
  .bss               zero     0x2803'27bc     0x8  seekfree_assistant.o [57]
  .bss               zero     0x2803'27c4     0x8  zf_device_imu660rc.o [58]
  .bss               zero     0x2803'27cc     0x8  zf_driver_uart.o [59]
  .bss               zero     0x2803'27d4     0x8  zf_driver_uart.o [59]
  .bss               zero     0x2803'27dc     0x4  cy_syslib.o [44]
  .bss               zero     0x2803'27e0     0x4  imu.o [15]
  .bss               zero     0x2803'27e4     0x4  imu.o [15]
  .bss               zero     0x2803'27e8     0x4  imu.o [15]
  .bss               zero     0x2803'27ec     0x4  imu.o [15]
  .bss               zero     0x2803'27f0     0x4  nav_engine.o [23]
  .bss               zero     0x2803'27f4     0x4  nav_engine.o [23]
  .bss               zero     0x2803'27f8     0x4  nav_engine.o [23]
  .bss               zero     0x2803'27fc     0x4  nav_engine.o [23]
  .bss               zero     0x2803'2800     0x4  system_tviibh4m_cm7.o [29]
  .bss               zero     0x2803'2804     0x4  system_tviibh4m_cm7.o [29]
  .bss               zero     0x2803'2808     0x4  system_tviibh4m_cm7.o [29]
  .bss               zero     0x2803'280c     0x4  system_tviibh4m_cm7.o [29]
  .bss               zero     0x2803'2810     0x4  system_tviibh4m_cm7.o [29]
  .bss               zero     0x2803'2814     0x4  zf_common_clock.o [56]
  .bss               zero     0x2803'2818     0x4  zf_common_interrupt.o [56]
  .bss               zero     0x2803'281c     0x4  zf_driver_spi.o [59]
  .bss               zero     0x2803'2820     0x4  zf_device_config_mt9v03x.o [64]
  .bss               zero     0x2803'2824     0x4  zf_device_config_mt9v03x.o [64]
  .bss               zero     0x2803'2828     0x4  zf_device_config_mt9v03x.o [64]
  .bss               zero     0x2803'282c     0x4  zf_device_config_mt9v03x.o [64]
  .bss               zero     0x2803'2830     0x4  zf_device_config_mt9v03x.o [64]
  .bss               zero     0x2803'2834     0x4  xfail_s.o [60]
  .bss               zero     0x2803'2838     0x2  zf_device_imu660rc.o [58]
  .bss               zero     0x2803'283a     0x2  zf_device_imu660rc.o [58]
  .bss               zero     0x2803'283c     0x2  zf_device_imu660rc.o [58]
  .bss               zero     0x2803'283e     0x2  zf_device_imu660rc.o [58]
  .bss               zero     0x2803'2840     0x2  zf_device_imu660rc.o [58]
  .bss               zero     0x2803'2842     0x2  zf_device_imu660rc.o [58]
  .bss               zero     0x2803'2844     0x1  cy_sysclk.o [41]
  .bss               zero     0x2803'2845     0x1  ui_manager.o [53]
  .bss               zero     0x2803'2846     0x1  zf_common_debug.o [56]
  .bss               zero     0x2803'2847     0x1  zf_common_debug.o [56]
  .bss               zero     0x2803'2848     0x1  zf_common_debug.o [56]
  .bss               zero     0x2803'2849     0x1  zf_device_gnss.o [58]
  .bss               zero     0x2803'284a     0x1  zf_device_gnss.o [58]
  .bss               zero     0x2803'284b     0x1  zf_device_gnss.o [58]
  .bss               zero     0x2803'284c     0x1  zf_device_gnss.o [58]
  .bss               zero     0x2803'284d     0x1  zf_device_gnss.o [58]
  .bss               zero     0x2803'284e     0x1  zf_device_imu660rc.o [58]
  .bss               zero     0x2803'284f     0x1  zf_device_mt9v03x.o [58]
  .bss               zero     0x2803'2850     0x1  zf_device_mt9v03x.o [58]
  .bss               zero     0x2803'2851     0x1  zf_device_tsl1401.o [58]
  .bss               zero     0x2803'2852     0x1  zf_device_tsl1401.o [58]
  .bss               zero     0x2803'2853     0x1  zf_device_wifi_spi.o [58]
                            - 0x2803'2854  0x67e0

"P2", part 3 of 3:                           0x80
  .intvec_ram        uninit   0x2803'2880    0x80  startup_cm7.o [39]
                            - 0x2803'2900    0x80

"A1":                                      0x2000
  HEAP_STACK                  0x2807'e000  0x2000  <Block>
    CSTACK                    0x2807'e000  0x2000  <Block>
      CSTACK         uninit   0x2807'e000  0x2000  <Block tail>
                            - 0x2808'0000  0x2000

Unused ranges:

         From           To       Size
         ----           --       ----
  0x1008'aa5d  0x1027'ffff  0x1f'55a3
  0x2802'0000  0x2802'6023     0x6024
  0x2802'c071  0x2802'c073        0x3
  0x2803'2854  0x2803'287f       0x2c
  0x2803'2900  0x2807'dfff   0x4'b700


*******************************************************************************
*** INIT TABLE
***

          Address      Size
          -------      ----
Zero (__iar_zero_init3)
    1 destination range, total size 0x67e0:
          0x2802'c074  0x67e0

Copy/lz77 (__iar_lz77_init_single3)
    1 source range, total size 0x11f (13% of destination):
          0x1008'a8d2   0x11f
    1 destination range, total size 0x82d:
          0x2802'b844   0x82d



*******************************************************************************
*** MODULE SUMMARY
***

    Module                          ro code  ro data  rw data  rw data
                                                                (abs)
    ------                          -------  -------  -------  -------
command line/config:
    ------------------------------------------------------------------
    Total:

D:\intelligent vehicle\2026\balance_car\Seekfree_CYT4BB_Opensource_Library\project\iar\Debug_m7_0\Obj\adc_11722776235721520015.dir: [1]
    ------------------------------------------------------------------
    Total:

D:\intelligent vehicle\2026\balance_car\Seekfree_CYT4BB_Opensource_Library\project\iar\Debug_m7_0\Obj\audioss_1346650047966882938.dir: [2]
    ------------------------------------------------------------------
    Total:

D:\intelligent vehicle\2026\balance_car\Seekfree_CYT4BB_Opensource_Library\project\iar\Debug_m7_0\Obj\balance_17506811874497203902.dir: [3]
    pitch_balance.o                     172
    ------------------------------------------------------------------
    Total:                              172

D:\intelligent vehicle\2026\balance_car\Seekfree_CYT4BB_Opensource_Library\project\iar\Debug_m7_0\Obj\button_4990804375159372270.dir: [4]
    ------------------------------------------------------------------
    Total:

D:\intelligent vehicle\2026\balance_car\Seekfree_CYT4BB_Opensource_Library\project\iar\Debug_m7_0\Obj\canfd_1800690984773873875.dir: [5]
    ------------------------------------------------------------------
    Total:

D:\intelligent vehicle\2026\balance_car\Seekfree_CYT4BB_Opensource_Library\project\iar\Debug_m7_0\Obj\cpu_15938736945165268644.dir: [6]
    ------------------------------------------------------------------
    Total:

D:\intelligent vehicle\2026\balance_car\Seekfree_CYT4BB_Opensource_Library\project\iar\Debug_m7_0\Obj\crypto_1190170608956581615.dir: [7]
    ------------------------------------------------------------------
    Total:

D:\intelligent vehicle\2026\balance_car\Seekfree_CYT4BB_Opensource_Library\project\iar\Debug_m7_0\Obj\dma_12106025507578611576.dir: [8]
    ------------------------------------------------------------------
    Total:

D:\intelligent vehicle\2026\balance_car\Seekfree_CYT4BB_Opensource_Library\project\iar\Debug_m7_0\Obj\eth_phy_18133017486186456677.dir: [9]
    ------------------------------------------------------------------
    Total:

D:\intelligent vehicle\2026\balance_car\Seekfree_CYT4BB_Opensource_Library\project\iar\Debug_m7_0\Obj\ethernet_6029839089178797009.dir: [10]
    ------------------------------------------------------------------
    Total:

D:\intelligent vehicle\2026\balance_car\Seekfree_CYT4BB_Opensource_Library\project\iar\Debug_m7_0\Obj\evtgen_3404189088603873129.dir: [11]
    ------------------------------------------------------------------
    Total:

D:\intelligent vehicle\2026\balance_car\Seekfree_CYT4BB_Opensource_Library\project\iar\Debug_m7_0\Obj\flash_8529866181315662935.dir: [12]
    ------------------------------------------------------------------
    Total:

D:\intelligent vehicle\2026\balance_car\Seekfree_CYT4BB_Opensource_Library\project\iar\Debug_m7_0\Obj\flash_864493325053435817.dir: [13]
    ------------------------------------------------------------------
    Total:

D:\intelligent vehicle\2026\balance_car\Seekfree_CYT4BB_Opensource_Library\project\iar\Debug_m7_0\Obj\gpio_3999404635324069351.dir: [14]
    cy_gpio.o                           404
    ------------------------------------------------------------------
    Total:                              404

D:\intelligent vehicle\2026\balance_car\Seekfree_CYT4BB_Opensource_Library\project\iar\Debug_m7_0\Obj\imu_17780663299905136167.dir: [15]
    imu.o                               524                16
    ------------------------------------------------------------------
    Total:                              524                16

D:\intelligent vehicle\2026\balance_car\Seekfree_CYT4BB_Opensource_Library\project\iar\Debug_m7_0\Obj\ipc_10145506163450686023.dir: [16]
    ------------------------------------------------------------------
    Total:

D:\intelligent vehicle\2026\balance_car\Seekfree_CYT4BB_Opensource_Library\project\iar\Debug_m7_0\Obj\leg_7394441705452296941.dir: [17]
    jacobian.o                          360
    kinematics.o                        228
    leg_cmd_solve.o                     138
    vmc_calculate.o                     416
    ------------------------------------------------------------------
    Total:                            1'142

D:\intelligent vehicle\2026\balance_car\Seekfree_CYT4BB_Opensource_Library\project\iar\Debug_m7_0\Obj\lin_18429031207028094880.dir: [18]
    ------------------------------------------------------------------
    Total:

D:\intelligent vehicle\2026\balance_car\Seekfree_CYT4BB_Opensource_Library\project\iar\Debug_m7_0\Obj\lvd_6353935867039560245.dir: [19]
    ------------------------------------------------------------------
    Total:

D:\intelligent vehicle\2026\balance_car\Seekfree_CYT4BB_Opensource_Library\project\iar\Debug_m7_0\Obj\mcwdt_4052485907822033969.dir: [20]
    ------------------------------------------------------------------
    Total:

D:\intelligent vehicle\2026\balance_car\Seekfree_CYT4BB_Opensource_Library\project\iar\Debug_m7_0\Obj\mode_7094989418832824623.dir: [21]
    ------------------------------------------------------------------
    Total:

D:\intelligent vehicle\2026\balance_car\Seekfree_CYT4BB_Opensource_Library\project\iar\Debug_m7_0\Obj\mpu_5663187252346826382.dir: [22]
    ------------------------------------------------------------------
    Total:

D:\intelligent vehicle\2026\balance_car\Seekfree_CYT4BB_Opensource_Library\project\iar\Debug_m7_0\Obj\navigation_2670009482317128430.dir: [23]
    nav_engine.o                      1'088      100       65
    ------------------------------------------------------------------
    Total:                            1'088      100       65

D:\intelligent vehicle\2026\balance_car\Seekfree_CYT4BB_Opensource_Library\project\iar\Debug_m7_0\Obj\param_17995070733126381718.dir: [24]
    ------------------------------------------------------------------
    Total:

D:\intelligent vehicle\2026\balance_car\Seekfree_CYT4BB_Opensource_Library\project\iar\Debug_m7_0\Obj\pid_8963845947738349576.dir: [25]
    pid_calculate.o                     300
    ------------------------------------------------------------------
    Total:                              300

D:\intelligent vehicle\2026\balance_car\Seekfree_CYT4BB_Opensource_Library\project\iar\Debug_m7_0\Obj\power_14453085144426420577.dir: [26]
    ------------------------------------------------------------------
    Total:

D:\intelligent vehicle\2026\balance_car\Seekfree_CYT4BB_Opensource_Library\project\iar\Debug_m7_0\Obj\prot_10722960861768657883.dir: [27]
    ------------------------------------------------------------------
    Total:

D:\intelligent vehicle\2026\balance_car\Seekfree_CYT4BB_Opensource_Library\project\iar\Debug_m7_0\Obj\remote_1386880670999067411.dir: [28]
    ------------------------------------------------------------------
    Total:

D:\intelligent vehicle\2026\balance_car\Seekfree_CYT4BB_Opensource_Library\project\iar\Debug_m7_0\Obj\rev_b_4986922561640112550.dir: [29]
    system_tviibh4m_cm7.o               336      156       20
    ------------------------------------------------------------------
    Total:                              336      156       20

D:\intelligent vehicle\2026\balance_car\Seekfree_CYT4BB_Opensource_Library\project\iar\Debug_m7_0\Obj\rev_b_6162237342861132223.dir: [30]
    cy_interrupt_map.o                  408      275    1'776
    ------------------------------------------------------------------
    Total:                              408      275    1'776

D:\intelligent vehicle\2026\balance_car\Seekfree_CYT4BB_Opensource_Library\project\iar\Debug_m7_0\Obj\robot_control_15305091058563308877.dir: [31]
    robot_control.o                     576               168
    small_driver_uart_control.o         620                44
    ------------------------------------------------------------------
    Total:                            1'196               212

D:\intelligent vehicle\2026\balance_car\Seekfree_CYT4BB_Opensource_Library\project\iar\Debug_m7_0\Obj\scb_15490842639181808494.dir: [32]
    cy_scb_spi.o                        496       16
    cy_scb_uart.o                       788       40
    ------------------------------------------------------------------
    Total:                            1'284       56

D:\intelligent vehicle\2026\balance_car\Seekfree_CYT4BB_Opensource_Library\project\iar\Debug_m7_0\Obj\sd_host_2982766354293506895.dir: [33]
    ------------------------------------------------------------------
    Total:

D:\intelligent vehicle\2026\balance_car\Seekfree_CYT4BB_Opensource_Library\project\iar\Debug_m7_0\Obj\semihosting_143864889731838620.dir: [34]
    ------------------------------------------------------------------
    Total:

D:\intelligent vehicle\2026\balance_car\Seekfree_CYT4BB_Opensource_Library\project\iar\Debug_m7_0\Obj\smartio_5451710003740070188.dir: [35]
    ------------------------------------------------------------------
    Total:

D:\intelligent vehicle\2026\balance_car\Seekfree_CYT4BB_Opensource_Library\project\iar\Debug_m7_0\Obj\smif_427648126384146252.dir: [36]
    ------------------------------------------------------------------
    Total:

D:\intelligent vehicle\2026\balance_car\Seekfree_CYT4BB_Opensource_Library\project\iar\Debug_m7_0\Obj\smif_mem_6470536964353725183.dir: [37]
    ------------------------------------------------------------------
    Total:

D:\intelligent vehicle\2026\balance_car\Seekfree_CYT4BB_Opensource_Library\project\iar\Debug_m7_0\Obj\srom_13018798572330080582.dir: [38]
    ------------------------------------------------------------------
    Total:

D:\intelligent vehicle\2026\balance_car\Seekfree_CYT4BB_Opensource_Library\project\iar\Debug_m7_0\Obj\startup_479057977785470282.dir: [39]
    startup.o                           516       24
    startup_cm7.o                       442               128
    ------------------------------------------------------------------
    Total:                              958       24      128

D:\intelligent vehicle\2026\balance_car\Seekfree_CYT4BB_Opensource_Library\project\iar\Debug_m7_0\Obj\sw_timer_4215635015939382130.dir: [40]
    ------------------------------------------------------------------
    Total:

D:\intelligent vehicle\2026\balance_car\Seekfree_CYT4BB_Opensource_Library\project\iar\Debug_m7_0\Obj\sysclk_16149231235676103872.dir: [41]
    cy_sysclk.o                       2'280      272       25
    ------------------------------------------------------------------
    Total:                            2'280      272       25

D:\intelligent vehicle\2026\balance_car\Seekfree_CYT4BB_Opensource_Library\project\iar\Debug_m7_0\Obj\sysflt_12293435975120599261.dir: [42]
    ------------------------------------------------------------------
    Total:

D:\intelligent vehicle\2026\balance_car\Seekfree_CYT4BB_Opensource_Library\project\iar\Debug_m7_0\Obj\sysint_7435970359207984181.dir: [43]
    cy_sysint.o                         172        8
    ------------------------------------------------------------------
    Total:                              172        8

D:\intelligent vehicle\2026\balance_car\Seekfree_CYT4BB_Opensource_Library\project\iar\Debug_m7_0\Obj\syslib_16330585751512546975.dir: [44]
    cy_syslib.o                         182               140
    cy_syslib_iar.o                      30
    ------------------------------------------------------------------
    Total:                              212               140

D:\intelligent vehicle\2026\balance_car\Seekfree_CYT4BB_Opensource_Library\project\iar\Debug_m7_0\Obj\syspm_10887939769544754770.dir: [45]
    ------------------------------------------------------------------
    Total:

D:\intelligent vehicle\2026\balance_car\Seekfree_CYT4BB_Opensource_Library\project\iar\Debug_m7_0\Obj\sysreghc_17676636058511625587.dir: [46]
    ------------------------------------------------------------------
    Total:

D:\intelligent vehicle\2026\balance_car\Seekfree_CYT4BB_Opensource_Library\project\iar\Debug_m7_0\Obj\sysreset_14586141425677365288.dir: [47]
    ------------------------------------------------------------------
    Total:

D:\intelligent vehicle\2026\balance_car\Seekfree_CYT4BB_Opensource_Library\project\iar\Debug_m7_0\Obj\sysrtc_10747768817563771611.dir: [48]
    ------------------------------------------------------------------
    Total:

D:\intelligent vehicle\2026\balance_car\Seekfree_CYT4BB_Opensource_Library\project\iar\Debug_m7_0\Obj\systick_16016591671695740695.dir: [49]
    ------------------------------------------------------------------
    Total:

D:\intelligent vehicle\2026\balance_car\Seekfree_CYT4BB_Opensource_Library\project\iar\Debug_m7_0\Obj\syswdt_9118657615806274156.dir: [50]
    ------------------------------------------------------------------
    Total:

D:\intelligent vehicle\2026\balance_car\Seekfree_CYT4BB_Opensource_Library\project\iar\Debug_m7_0\Obj\tcpwm_422923530147891246.dir: [51]
    cy_tcpwm.o                           12
    cy_tcpwm_counter.o                  430       20
    ------------------------------------------------------------------
    Total:                              442       20

D:\intelligent vehicle\2026\balance_car\Seekfree_CYT4BB_Opensource_Library\project\iar\Debug_m7_0\Obj\trigmux_9729677290734583340.dir: [52]
    ------------------------------------------------------------------
    Total:

D:\intelligent vehicle\2026\balance_car\Seekfree_CYT4BB_Opensource_Library\project\iar\Debug_m7_0\Obj\ui_1957667966967368638.dir: [53]
    page_dashboard.o                    188
    page_imu_debug.o                     56
    page_nav_debug.o                    132
    page_remote.o                       364       60       32
    ui_manager.o                         84                 1
    ------------------------------------------------------------------
    Total:                              824       60       33

D:\intelligent vehicle\2026\balance_car\Seekfree_CYT4BB_Opensource_Library\project\iar\Debug_m7_0\Obj\user_8514941877209965082.dir: [54]
    cm7_0_isr.o                         380
    main_cm7_0.o                        196      124      208
    ------------------------------------------------------------------
    Total:                              576      124      208

D:\intelligent vehicle\2026\balance_car\Seekfree_CYT4BB_Opensource_Library\project\iar\Debug_m7_0\Obj\vision_3276488451894099314.dir: [55]
    line_detect.o                       400
    obstacle_detect.o                   744
    vision_pipeline.o                   180                16
    ------------------------------------------------------------------
    Total:                            1'324                16

D:\intelligent vehicle\2026\balance_car\Seekfree_CYT4BB_Opensource_Library\project\iar\Debug_m7_0\Obj\zf_common_1201165462030747823.dir: [56]
    zf_common_clock.o                    28                 4
    zf_common_debug.o                 1'124      120      112
    zf_common_fifo.o                  1'552      112
    zf_common_function.o                140      116
    zf_common_interrupt.o               226                 4
    ------------------------------------------------------------------
    Total:                            3'070      348      120

D:\intelligent vehicle\2026\balance_car\Seekfree_CYT4BB_Opensource_Library\project\iar\Debug_m7_0\Obj\zf_components_14936052685886095442.dir: [57]
    seekfree_assistant.o                644      125      328
    seekfree_assistant_interface.o      156
    ------------------------------------------------------------------
    Total:                              800      125      328

D:\intelligent vehicle\2026\balance_car\Seekfree_CYT4BB_Opensource_Library\project\iar\Debug_m7_0\Obj\zf_device_6570275422786408770.dir: [58]
    zf_device_ble6a20.o                 152      116       24
    zf_device_gnss.o                    276               413
    zf_device_imu660rc.o                608      144       21
    zf_device_mt9v03x.o               1'048       40   22'562   22'564
    zf_device_tsl1401.o                 124               514
    zf_device_type.o                      2        1        8
    zf_device_wifi_spi.o              1'332      156    1'109
    zf_device_wifi_uart.o               460      164      172
    zf_device_wireless_uart.o           152      124       24
    ------------------------------------------------------------------
    Total:                            4'154      745   24'847   22'564

D:\intelligent vehicle\2026\balance_car\Seekfree_CYT4BB_Opensource_Library\project\iar\Debug_m7_0\Obj\zf_driver_11922370083829174090.dir: [59]
    zf_driver_adc.o                     116        2       84
    zf_driver_delay.o                   728        1        3
    zf_driver_exti.o                    220       13       96
    zf_driver_gpio.o                    380
    zf_driver_pit.o                     920        8       60
    zf_driver_pwm.o                      32
    zf_driver_soft_iic.o              1'532      116
    zf_driver_spi.o                   3'124      114       20
    zf_driver_uart.o                  2'948      120      576
    ------------------------------------------------------------------
    Total:                           10'000      374      839

dl7M_tln.a: [60]
    abort.o                               6
    exit.o                                4
    sprintf.o                            64
    strncmp.o                            42
    strstr.o                             44
    xfail_s.o                            64                 4
    xprintffull_nomb.o                3'758
    xsprout.o                            10
    ------------------------------------------------------------------
    Total:                            3'992                 4

m7M_tlv.a: [61]
    DblCmpGe.o                           52
    DblCmpLe.o                           52
    DblDiv.o                             18
    DblMul.o                             18
    DblSub.o                             18
    DblToS32.o                           14
    DblToU32.o                           14
    S32ToDbl.o                           14
    U32ToDbl.o                           14
    atan2f.o                            106
    cos_sin32.o                         468
    fmaxf.o                              44
    fminf.o                              40
    fpinit_M.o                           34
    frexp.o                             112
    ldexp.o                             260
    sqrtf.o                              30
    xatanf.o                            164
    ------------------------------------------------------------------
    Total:                            1'472

rt7M_tl.a: [62]
    ABImemclr4.o                          6
    ABImemcpy.o                         166
    ABImemset.o                         102
    ABImemset48.o                        50
    I64DivMod.o                         560
    I64DivZer.o                           2
    cexit.o                              10
    cmain.o                              30
    cstartup_M.o                         28
    data_init.o                          40
    lz77_init_single.o                  126
    memchr.o                             88
    strchr.o                             22
    strlen.o                             54
    strncpy.o                           112
    zero_init3.o                         56
    ------------------------------------------------------------------
    Total:                            1'452

shb_l.a: [63]
    exit.o                               20
    ------------------------------------------------------------------
    Total:                               20

zf_device_config.a: [64]
    zf_device_config_mt9v03x.o        2'136                36
    ------------------------------------------------------------------
    Total:                            2'136                36

    Gaps                                 44        4
    Linker created                                32    8'192
----------------------------------------------------------------------
    Grand Total:                     40'782    2'723   37'005   22'564


*******************************************************************************
*** ENTRY LIST
***

Entry                       Address    Size  Type      Object
-----                       -------    ----  ----      ------
.iar.init_table$$Base   0x1008'a5c8           --   Gb  - Linker created -
.iar.init_table$$Limit  0x1008'a5e8           --   Gb  - Linker created -
?main                   0x1008'a631          Code  Gb  cmain.o [62]
BusFault_Handler        0x1008'a89d          Code  Wk  startup_cm7.o [39]
CSTACK$$Base            0x2807'e000           --   Gb  - Linker created -
CSTACK$$Limit           0x2808'0000           --   Gb  - Linker created -
CopyVectorTable         0x1008'8d6d    0x34  Code  Lc  startup.o [39]
CpuUserInt0_Handler     0x1008'91d3    0x26  Code  Gb  cy_interrupt_map.o [30]
CpuUserInt10_Handler    0x1008'a8b9          Code  Wk  startup_cm7.o [39]
CpuUserInt11_Handler    0x1008'a8bd          Code  Wk  startup_cm7.o [39]
CpuUserInt12_Handler    0x1008'a8c1          Code  Wk  startup_cm7.o [39]
CpuUserInt13_Handler    0x1008'a8c5          Code  Wk  startup_cm7.o [39]
CpuUserInt14_Handler    0x1008'a8c9          Code  Wk  startup_cm7.o [39]
CpuUserInt15_Handler    0x1008'a8cd          Code  Wk  startup_cm7.o [39]
CpuUserInt1_Handler     0x1008'91f9    0x26  Code  Gb  cy_interrupt_map.o [30]
CpuUserInt2_Handler     0x1008'921f    0x26  Code  Gb  cy_interrupt_map.o [30]
CpuUserInt3_Handler     0x1008'9245    0x26  Code  Gb  cy_interrupt_map.o [30]
CpuUserInt4_Handler     0x1008'926b    0x26  Code  Gb  cy_interrupt_map.o [30]
CpuUserInt5_Handler     0x1008'9291    0x26  Code  Gb  cy_interrupt_map.o [30]
CpuUserInt6_Handler     0x1008'92b7    0x26  Code  Gb  cy_interrupt_map.o [30]
CpuUserInt7_Handler     0x1008'92dd    0x26  Code  Gb  cy_interrupt_map.o [30]
CpuUserInt8_Handler     0x1008'a8b1          Code  Wk  startup_cm7.o [39]
CpuUserInt9_Handler     0x1008'a8b5          Code  Wk  startup_cm7.o [39]
Cy_DefaultUserHandler   0x1008'91d1     0x2  Code  Gb  cy_interrupt_map.o [30]
Cy_GPIO_ClearInterrupt  0x1008'27b3     0xe  Code  Lc  cy_gpio.o [14]
Cy_GPIO_ClearInterrupt  0x1008'7afd     0xe  Code  Lc  zf_driver_exti.o [59]
Cy_GPIO_Clr             0x1008'59a5     0xa  Code  Lc  zf_driver_gpio.o [59]
Cy_GPIO_GetInterruptStatusMasked
                        0x1008'7b0b     0xa  Code  Lc  zf_driver_exti.o [59]
Cy_GPIO_Pin_Init        0x1008'27f7    0x72  Code  Gb  cy_gpio.o [14]
Cy_GPIO_Read            0x1008'5991     0xa  Code  Lc  zf_driver_gpio.o [59]
Cy_GPIO_Set             0x1008'599b     0xa  Code  Lc  zf_driver_gpio.o [59]
Cy_GPIO_SetDriveSel     0x1008'2795    0x1e  Code  Lc  cy_gpio.o [14]
Cy_GPIO_SetDrivemode    0x1008'2745    0x1c  Code  Lc  cy_gpio.o [14]
Cy_GPIO_SetDrivemode    0x1008'59af    0x1c  Code  Lc  zf_driver_gpio.o [59]
Cy_GPIO_SetHSIOM        0x1008'26e1    0x4c  Code  Lc  cy_gpio.o [14]
Cy_GPIO_SetInterruptEdge
                        0x1008'27db    0x1c  Code  Lc  cy_gpio.o [14]
Cy_GPIO_SetInterruptMask
                        0x1008'27c1    0x1a  Code  Lc  cy_gpio.o [14]
Cy_GPIO_SetSlewRate     0x1008'277b    0x1a  Code  Lc  cy_gpio.o [14]
Cy_GPIO_SetVtrip        0x1008'2761    0x1a  Code  Lc  cy_gpio.o [14]
Cy_GPIO_Write           0x1008'272d    0x18  Code  Lc  cy_gpio.o [14]
Cy_RestoreIRQ           0x1008'8f29          Code  Gb  startup_cm7.o [39]
Cy_SCB_ClearRxFifo      0x1008'15eb    0x1e  Code  Lc  zf_driver_spi.o [59]
Cy_SCB_ClearRxFifo      0x1008'2c27    0x1e  Code  Lc  zf_driver_uart.o [59]
Cy_SCB_ClearRxInterrupt
                        0x1008'2c8d     0xa  Code  Lc  zf_driver_uart.o [59]
Cy_SCB_ClearTxInterrupt
                        0x1008'2ca3     0xa  Code  Lc  zf_driver_uart.o [59]
Cy_SCB_GetFifoSize      0x1008'1645    0x12  Code  Lc  zf_driver_spi.o [59]
Cy_SCB_GetNumInRxFifo   0x1008'15e1     0xa  Code  Lc  zf_driver_spi.o [59]
Cy_SCB_GetNumInRxFifo   0x1008'2c1d     0xa  Code  Lc  zf_driver_uart.o [59]
Cy_SCB_GetNumInTxFifo   0x1008'160f     0xa  Code  Lc  zf_driver_spi.o [59]
Cy_SCB_GetNumInTxFifo   0x1008'2c4b     0xa  Code  Lc  zf_driver_uart.o [59]
Cy_SCB_GetRxInterruptMask
                        0x1008'2c87     0x6  Code  Lc  zf_driver_uart.o [59]
Cy_SCB_GetTxInterruptMask
                        0x1008'2c9d     0x6  Code  Lc  zf_driver_uart.o [59]
Cy_SCB_GetTxSrValid     0x1008'1619     0xa  Code  Lc  zf_driver_spi.o [59]
Cy_SCB_GetTxSrValid     0x1008'2c55     0xa  Code  Lc  zf_driver_uart.o [59]
Cy_SCB_IsTxComplete     0x1008'1623    0x22  Code  Lc  zf_driver_spi.o [59]
Cy_SCB_IsTxComplete     0x1008'2c5f    0x22  Code  Lc  zf_driver_uart.o [59]
Cy_SCB_ReadRxFifo       0x1008'2c09     0x6  Code  Lc  zf_driver_uart.o [59]
Cy_SCB_SPI_ClearRxFifo  0x1008'1675     0x8  Code  Lc  zf_driver_spi.o [59]
Cy_SCB_SPI_Enable       0x1008'1657     0xa  Code  Lc  zf_driver_spi.o [59]
Cy_SCB_SPI_GetNumInRxFifo
                        0x1008'166d     0x8  Code  Lc  zf_driver_spi.o [59]
Cy_SCB_SPI_Init         0x1008'2875   0x1d8  Code  Gb  cy_scb_spi.o [32]
Cy_SCB_SPI_SetActiveSlaveSelect
                        0x1008'1661     0xc  Code  Lc  zf_driver_spi.o [59]
Cy_SCB_SetRxFifoLevel   0x1008'2c0f     0xe  Code  Lc  zf_driver_uart.o [59]
Cy_SCB_SetRxInterruptMask
                        0x1008'2c81     0x6  Code  Lc  zf_driver_uart.o [59]
Cy_SCB_SetTxInterruptMask
                        0x1008'2c97     0x6  Code  Lc  zf_driver_uart.o [59]
Cy_SCB_UART_DeInit      0x1008'3fa9    0x5c  Code  Gb  cy_scb_uart.o [32]
Cy_SCB_UART_Enable      0x1008'2cad     0xa  Code  Lc  zf_driver_uart.o [59]
Cy_SCB_UART_Init        0x1008'3d25   0x284  Code  Gb  cy_scb_uart.o [32]
Cy_SCB_WriteTxFifo      0x1008'1609     0x6  Code  Lc  zf_driver_spi.o [59]
Cy_SCB_WriteTxFifo      0x1008'2c45     0x6  Code  Lc  zf_driver_uart.o [59]
Cy_SaveIRQ              0x1008'8f21          Code  Gb  startup_cm7.o [39]
Cy_SysClk_CheckDividerExisting
                        0x1008'6915    0x2c  Code  Lc  zf_device_mt9v03x.o [58]
Cy_SysClk_CheckDividerExisting
                        0x1008'6041    0x2a  Code  Lc  zf_driver_delay.o [59]
Cy_SysClk_CheckDividerExisting
                        0x1008'6d2d    0x2c  Code  Lc  zf_driver_pit.o [59]
Cy_SysClk_CheckDividerExisting
                        0x1008'167d    0x2c  Code  Lc  zf_driver_spi.o [59]
Cy_SysClk_CheckDividerExisting
                        0x1008'2a65    0x2c  Code  Lc  zf_driver_uart.o [59]
Cy_SysClk_ClkPathGetSource
                        0x1008'42ad    0x54  Code  Gb  cy_sysclk.o [41]
Cy_SysClk_EcoGetStatus  0x1008'4139    0x1a  Code  Lc  cy_sysclk.o [41]
Cy_SysClk_Fast0ClkGetDivider
                        0x1008'4281    0x16  Code  Lc  cy_sysclk.o [41]
Cy_SysClk_Fast1ClkGetDivider
                        0x1008'4297    0x16  Code  Lc  cy_sysclk.o [41]
Cy_SysClk_FllGetConfiguration
                        0x1008'4309    0x7e  Code  Gb  cy_sysclk.o [41]
Cy_SysClk_FllGetLockStatus
                        0x1008'4153     0xc  Code  Lc  cy_sysclk.o [41]
Cy_SysClk_GetClockGroup
                        0x1008'69c1     0x8  Code  Lc  zf_device_mt9v03x.o [58]
Cy_SysClk_GetClockGroup
[...]
                        0x2803'2390    0x4c  Data  Lc  seekfree_assistant.o [57]
seekfree_assistant_camera_data
                        0x2803'27ac     0x8  Data  Lc  seekfree_assistant.o [57]
seekfree_assistant_camera_data_send
                        0x1008'73c5    0x88  Code  Gb  seekfree_assistant.o [57]
seekfree_assistant_camera_dot_data
                        0x2803'27b4     0x8  Data  Lc  seekfree_assistant.o [57]
seekfree_assistant_camera_dot_send
                        0x1008'744d    0x6e  Code  Gb  seekfree_assistant.o [57]
seekfree_assistant_camera_information_config
                        0x1008'7517    0x1e  Code  Gb  seekfree_assistant.o [57]
seekfree_assistant_camera_send
                        0x1008'7535    0x42  Code  Gb  seekfree_assistant.o [57]
seekfree_assistant_data_analysis
                        0x1008'7577    0x92  Code  Gb  seekfree_assistant.o [57]
seekfree_assistant_fifo
                        0x2802'bf54    0x18  Data  Lc  seekfree_assistant.o [57]
seekfree_assistant_interface_init
                        0x1008'8389    0x94  Code  Wk  seekfree_assistant_interface.o [57]
seekfree_assistant_oscilloscope_data
                        0x2803'25a4    0x24  Data  Gb  seekfree_assistant.o [57]
seekfree_assistant_oscilloscope_send
                        0x1008'74bb    0x5c  Code  Gb  seekfree_assistant.o [57]
seekfree_assistant_parameter
                        0x2803'25e8    0x20  Data  Gb  seekfree_assistant.o [57]
seekfree_assistant_parameter_update_flag
                        0x2803'27bc     0x8  Data  Gb  seekfree_assistant.o [57]
seekfree_assistant_receive
                        0x1008'a891     0x4  Code  Wk  seekfree_assistant_interface.o [57]
seekfree_assistant_receive_callback
                        0x2802'bf70     0x4  Data  Gb  seekfree_assistant.o [57]
seekfree_assistant_sum  0x1008'73ad    0x18  Code  Lc  seekfree_assistant.o [57]
seekfree_assistant_transfer
                        0x1008'a88d     0x4  Code  Wk  seekfree_assistant_interface.o [57]
seekfree_assistant_transfer_callback
                        0x2802'bf6c     0x4  Data  Gb  seekfree_assistant.o [57]
sensor_cmd_update       0x1008'7d3d    0x7c  Code  Gb  robot_control.o [31]
sinf                    0x1008'888d     0x4  Code  Gb  cos_sin32.o [61]
small_driver_control_callback
                        0x1008'7631   0x166  Code  Gb  small_driver_uart_control.o [31]
small_driver_get_speed  0x1008'7803    0x3e  Code  Gb  small_driver_uart_control.o [31]
small_driver_set_duty   0x1008'7797    0x6c  Code  Gb  small_driver_uart_control.o [31]
small_driver_uart_init  0x1008'7841    0x4e  Code  Gb  small_driver_uart_control.o [31]
small_driver_value      0x2803'24e8    0x2c  Data  Gb  small_driver_uart_control.o [31]
soft_iic_init           0x1008'5915    0x78  Code  Gb  zf_driver_soft_iic.o [59]
soft_iic_read_data      0x1008'573f   0x10e  Code  Lc  zf_driver_soft_iic.o [59]
soft_iic_sccb_read_register
                        0x1008'58a9    0x6c  Code  Gb  zf_driver_soft_iic.o [59]
soft_iic_sccb_write_register
                        0x1008'5859    0x4c  Code  Gb  zf_driver_soft_iic.o [59]
soft_iic_send_ack       0x1008'54d1    0xc6  Code  Lc  zf_driver_soft_iic.o [59]
soft_iic_send_data      0x1008'5667    0xd8  Code  Lc  zf_driver_soft_iic.o [59]
soft_iic_start          0x1008'5395    0x9e  Code  Lc  zf_driver_soft_iic.o [59]
soft_iic_stop           0x1008'5433    0x9e  Code  Lc  zf_driver_soft_iic.o [59]
soft_iic_wait_ack       0x1008'5597    0xd0  Code  Lc  zf_driver_soft_iic.o [59]
spi_get_clk_hsiom       0x1008'18dd    0x28  Code  Lc  zf_driver_spi.o [59]
spi_get_clk_pin         0x1008'1821    0x28  Code  Lc  zf_driver_spi.o [59]
spi_get_cs_hsiom        0x1008'1955    0x44  Code  Lc  zf_driver_spi.o [59]
spi_get_cs_pin          0x1008'1899    0x44  Code  Lc  zf_driver_spi.o [59]
spi_get_miso_hsiom      0x1008'192d    0x28  Code  Lc  zf_driver_spi.o [59]
spi_get_miso_pin        0x1008'1871    0x28  Code  Lc  zf_driver_spi.o [59]
spi_get_mosi_hsiom      0x1008'1905    0x28  Code  Lc  zf_driver_spi.o [59]
spi_get_mosi_pin        0x1008'1849    0x28  Code  Lc  zf_driver_spi.o [59]
spi_init                0x1008'1f47   0x2b2  Code  Gb  zf_driver_spi.o [59]
spi_module              0x2802'c024    0x10  Data  Gb  zf_driver_spi.o [59]
spi_read_8bit_register  0x1008'1c71    0xea  Code  Gb  zf_driver_spi.o [59]
spi_read_8bit_registers
                        0x1008'1d5b    0xfe  Code  Gb  zf_driver_spi.o [59]
spi_transfer_8bit       0x1008'1e6d    0xda  Code  Gb  zf_driver_spi.o [59]
spi_write_8bit_array    0x1008'1ad5    0xb6  Code  Gb  zf_driver_spi.o [59]
spi_write_8bit_register
                        0x1008'1b8b    0xde  Code  Gb  zf_driver_spi.o [59]
sprintf                 0x1008'35e9    0x40  Code  Gb  sprintf.o [60]
sqrtf                   0x1008'8891          Code  Gb  sqrtf.o [61]
strchr                  0x1008'0fad          Code  Gb  strchr.o [62]
strlen                  0x1008'100d          Code  Gb  strlen.o [62]
strncmp                 0x1008'985d    0x2a  Code  Gb  strncmp.o [60]
strncpy                 0x1008'4a21          Code  Gb  strncpy.o [62]
strstr                  0x1008'90fd    0x2c  Code  Gb  strstr.o [60]
switch_transition_length
                        0x1008'1999   0x13c  Code  Lc  zf_driver_spi.o [59]
system_clock            0x2803'2814     0x4  Data  Gb  zf_common_clock.o [56]
system_delay_init       0x1008'6259    0xa6  Code  Gb  zf_driver_delay.o [59]
system_delay_ms         0x1008'61fb    0x5e  Code  Gb  zf_driver_delay.o [59]
system_delay_us         0x1008'61a5    0x56  Code  Gb  zf_driver_delay.o [59]
timeout_elapsed         0x1008'652b    0x24  Code  Lc  nav_engine.o [23]
timer_ch                0x2802'c070     0x1  Data  Lc  zf_driver_delay.o [59]
tsl1401_collect_pit_handler
                        0x1008'9659    0x68  Code  Gb  zf_device_tsl1401.o [58]
tsl1401_data            0x2803'1c94   0x200  Data  Gb  zf_device_tsl1401.o [58]
tsl1401_finish_flag     0x2803'2852     0x1  Data  Gb  zf_device_tsl1401.o [58]
tsl1401_init_state      0x2803'2851     0x1  Data  Lc  zf_device_tsl1401.o [58]
type_default_callback   0x1008'a8d1     0x2  Code  Lc  zf_device_type.o [58]
uart0_isr               0x1008'958b    0x12  Code  Gb  cm7_0_isr.o [54]
uart1_isr               0x1008'959d    0x14  Code  Gb  cm7_0_isr.o [54]
uart2_isr               0x1008'95b1    0x12  Code  Gb  cm7_0_isr.o [54]
uart3_isr               0x1008'95c3     0xa  Code  Gb  cm7_0_isr.o [54]
uart4_isr               0x1008'95cd    0x1a  Code  Gb  cm7_0_isr.o [54]
uart5_isr               0x1008'95f9     0xa  Code  Gb  cm7_0_isr.o [54]
uart6_isr               0x1008'9603     0xa  Code  Gb  cm7_0_isr.o [54]
uart_context            0x2803'1e94   0x188  Data  Gb  zf_driver_uart.o [59]
uart_data_buffer        0x2803'2320    0x70  Data  Lc  zf_driver_uart.o [59]
uart_data_buffer_count  0x2803'27cc     0x8  Data  Lc  zf_driver_uart.o [59]
uart_data_refresh       0x2803'27d4     0x8  Data  Lc  zf_driver_uart.o [59]
uart_init               0x1008'33e9   0x1c0  Code  Gb  zf_driver_uart.o [59]
uart_isr_func           0x2802'c034    0x1c  Data  Gb  zf_driver_uart.o [59]
uart_isr_mask           0x1008'2cb7    0xfa  Code  Gb  zf_driver_uart.o [59]
uart_query_buffer       0x1008'3091    0x56  Code  Gb  zf_driver_uart.o [59]
uart_query_byte         0x1008'301d    0x74  Code  Gb  zf_driver_uart.o [59]
uart_receiver_handler   0x2802'bf78     0x4  Data  Gb  zf_device_type.o [58]
uart_rx_interrupt       0x1008'3203   0x1a8  Code  Gb  zf_driver_uart.o [59]
uart_rx_trigger_interrupt
                        0x1008'33ab    0x34  Code  Gb  zf_driver_uart.o [59]
uart_tx_interrupt       0x1008'30e7   0x11c  Code  Gb  zf_driver_uart.o [59]
uart_write_buffer       0x1008'2fe3    0x1e  Code  Gb  zf_driver_uart.o [59]
uart_write_byte         0x1008'2fbb    0x28  Code  Gb  zf_driver_uart.o [59]
uart_write_string       0x1008'3001    0x1c  Code  Gb  zf_driver_uart.o [59]
ui_init                 0x1008'9a1d    0x1a  Code  Gb  ui_manager.o [53]
ui_update               0x1008'9a37    0x34  Code  Gb  ui_manager.o [53]
vision_feed_nav_input   0x1008'9a01    0x1c  Code  Gb  vision_pipeline.o [55]
vision_init             0x1008'9969    0x22  Code  Gb  vision_pipeline.o [55]
vision_update           0x1008'998b    0x6a  Code  Gb  vision_pipeline.o [55]
vmc_calculate           0x1008'8225   0x15a  Code  Gb  vmc_calculate.o [17]
vmc_clear_leg           0x1008'820b    0x1a  Code  Lc  vmc_calculate.o [17]
vmc_config              0x2803'27a4     0x8  Data  Lc  robot_control.o [31]
wifi_spi_buffer         0x2803'1894   0x400  Data  Lc  zf_device_wifi_spi.o [58]
wifi_spi_fifo           0x2803'26cc    0x18  Data  Lc  zf_device_wifi_spi.o [58]
wifi_spi_get_ip_addr_port
                        0x1008'5d5d    0x50  Code  Lc  zf_device_wifi_spi.o [58]
wifi_spi_get_mac_addr   0x1008'5d0d    0x50  Code  Lc  zf_device_wifi_spi.o [58]
wifi_spi_get_parameter  0x1008'5c79    0x44  Code  Lc  zf_device_wifi_spi.o [58]
wifi_spi_get_version    0x1008'5cbd    0x50  Code  Lc  zf_device_wifi_spi.o [58]
wifi_spi_init           0x1008'5f75    0x98  Code  Gb  zf_device_wifi_spi.o [58]
wifi_spi_ip_addr_port   0x2803'2608    0x1c  Data  Gb  zf_device_wifi_spi.o [58]
wifi_spi_mac_addr       0x2803'2728    0x14  Data  Gb  zf_device_wifi_spi.o [58]
wifi_spi_mutex          0x2803'2853     0x1  Data  Lc  zf_device_wifi_spi.o [58]
wifi_spi_read_buffer    0x1008'5ee5    0x90  Code  Gb  zf_device_wifi_spi.o [58]
wifi_spi_send_buffer    0x1008'5e1d    0xc8  Code  Gb  zf_device_wifi_spi.o [58]
wifi_spi_set_parameter  0x1008'5c19    0x60  Code  Lc  zf_device_wifi_spi.o [58]
wifi_spi_socket_connect
                        0x1008'5deb    0x32  Code  Gb  zf_device_wifi_spi.o [58]
wifi_spi_transfer_command
                        0x1008'5b73    0x3a  Code  Lc  zf_device_wifi_spi.o [58]
wifi_spi_transfer_data  0x1008'5bad    0x6c  Code  Lc  zf_device_wifi_spi.o [58]
wifi_spi_version        0x2803'2788     0xc  Data  Gb  zf_device_wifi_spi.o [58]
wifi_spi_wait_idle      0x1008'5b0d    0x2e  Code  Lc  zf_device_wifi_spi.o [58]
wifi_spi_wifi_connect   0x1008'5dad    0x3e  Code  Gb  zf_device_wifi_spi.o [58]
wifi_spi_write          0x1008'5b3b    0x38  Code  Lc  zf_device_wifi_spi.o [58]
wifi_uart_clear_receive_buffer
                        0x1008'8f9f     0xc  Code  Lc  zf_device_wifi_uart.o [58]
wifi_uart_fifo          0x2803'26e4    0x18  Data  Lc  zf_device_wifi_uart.o [58]
wifi_uart_information   0x2803'201c    0x94  Data  Gb  zf_device_wifi_uart.o [58]
wifi_uart_read_buffer   0x1008'90ad    0x2e  Code  Gb  zf_device_wifi_uart.o [58]
wifi_uart_send_buffer   0x1008'8fb5    0xf2  Code  Gb  zf_device_wifi_uart.o [58]
wifi_uart_wait_ack      0x1008'8f31    0x6e  Code  Lc  zf_device_wifi_uart.o [58]
wireless_module_uart_handler
                        0x2802'bf74     0x4  Data  Gb  zf_device_type.o [58]
wireless_uart_fifo      0x2803'26fc    0x18  Data  Lc  zf_device_wireless_uart.o [58]
wireless_uart_read_buffer
                        0x1008'9d95    0x2c  Code  Gb  zf_device_wireless_uart.o [58]
wireless_uart_send_buffer
                        0x1008'9d31    0x64  Code  Gb  zf_device_wireless_uart.o [58]
wrap_pi                 0x1008'64f9    0x32  Code  Lc  nav_engine.o [23]
zf_debug_assert_enable  0x2802'c06f     0x1  Data  Lc  zf_common_debug.o [56]
zf_debug_init_flag      0x2803'2846     0x1  Data  Lc  zf_common_debug.o [56]


[1] = D:\intelligent vehicle\2026\balance_car\Seekfree_CYT4BB_Opensource_Library\project\iar\Debug_m7_0\Obj\adc_11722776235721520015.dir
[2] = D:\intelligent vehicle\2026\balance_car\Seekfree_CYT4BB_Opensource_Library\project\iar\Debug_m7_0\Obj\audioss_1346650047966882938.dir
[3] = D:\intelligent vehicle\2026\balance_car\Seekfree_CYT4BB_Opensource_Library\project\iar\Debug_m7_0\Obj\balance_17506811874497203902.dir
[4] = D:\intelligent vehicle\2026\balance_car\Seekfree_CYT4BB_Opensource_Library\project\iar\Debug_m7_0\Obj\button_4990804375159372270.dir
[5] = D:\intelligent vehicle\2026\balance_car\Seekfree_CYT4BB_Opensource_Library\project\iar\Debug_m7_0\Obj\canfd_1800690984773873875.dir
[6] = D:\intelligent vehicle\2026\balance_car\Seekfree_CYT4BB_Opensource_Library\project\iar\Debug_m7_0\Obj\cpu_15938736945165268644.dir
[7] = D:\intelligent vehicle\2026\balance_car\Seekfree_CYT4BB_Opensource_Library\project\iar\Debug_m7_0\Obj\crypto_1190170608956581615.dir
[8] = D:\intelligent vehicle\2026\balance_car\Seekfree_CYT4BB_Opensource_Library\project\iar\Debug_m7_0\Obj\dma_12106025507578611576.dir
[9] = D:\intelligent vehicle\2026\balance_car\Seekfree_CYT4BB_Opensource_Library\project\iar\Debug_m7_0\Obj\eth_phy_18133017486186456677.dir
[10] = D:\intelligent vehicle\2026\balance_car\Seekfree_CYT4BB_Opensource_Library\project\iar\Debug_m7_0\Obj\ethernet_6029839089178797009.dir
[11] = D:\intelligent vehicle\2026\balance_car\Seekfree_CYT4BB_Opensource_Library\project\iar\Debug_m7_0\Obj\evtgen_3404189088603873129.dir
[12] = D:\intelligent vehicle\2026\balance_car\Seekfree_CYT4BB_Opensource_Library\project\iar\Debug_m7_0\Obj\flash_8529866181315662935.dir
[13] = D:\intelligent vehicle\2026\balance_car\Seekfree_CYT4BB_Opensource_Library\project\iar\Debug_m7_0\Obj\flash_864493325053435817.dir
[14] = D:\intelligent vehicle\2026\balance_car\Seekfree_CYT4BB_Opensource_Library\project\iar\Debug_m7_0\Obj\gpio_3999404635324069351.dir
[15] = D:\intelligent vehicle\2026\balance_car\Seekfree_CYT4BB_Opensource_Library\project\iar\Debug_m7_0\Obj\imu_17780663299905136167.dir
[16] = D:\intelligent vehicle\2026\balance_car\Seekfree_CYT4BB_Opensource_Library\project\iar\Debug_m7_0\Obj\ipc_10145506163450686023.dir
[17] = D:\intelligent vehicle\2026\balance_car\Seekfree_CYT4BB_Opensource_Library\project\iar\Debug_m7_0\Obj\leg_7394441705452296941.dir
[18] = D:\intelligent vehicle\2026\balance_car\Seekfree_CYT4BB_Opensource_Library\project\iar\Debug_m7_0\Obj\lin_18429031207028094880.dir
[19] = D:\intelligent vehicle\2026\balance_car\Seekfree_CYT4BB_Opensource_Library\project\iar\Debug_m7_0\Obj\lvd_6353935867039560245.dir
[20] = D:\intelligent vehicle\2026\balance_car\Seekfree_CYT4BB_Opensource_Library\project\iar\Debug_m7_0\Obj\mcwdt_4052485907822033969.dir
[21] = D:\intelligent vehicle\2026\balance_car\Seekfree_CYT4BB_Opensource_Library\project\iar\Debug_m7_0\Obj\mode_7094989418832824623.dir
[22] = D:\intelligent vehicle\2026\balance_car\Seekfree_CYT4BB_Opensource_Library\project\iar\Debug_m7_0\Obj\mpu_5663187252346826382.dir
[23] = D:\intelligent vehicle\2026\balance_car\Seekfree_CYT4BB_Opensource_Library\project\iar\Debug_m7_0\Obj\navigation_2670009482317128430.dir
[24] = D:\intelligent vehicle\2026\balance_car\Seekfree_CYT4BB_Opensource_Library\project\iar\Debug_m7_0\Obj\param_17995070733126381718.dir
[25] = D:\intelligent vehicle\2026\balance_car\Seekfree_CYT4BB_Opensource_Library\project\iar\Debug_m7_0\Obj\pid_8963845947738349576.dir
[26] = D:\intelligent vehicle\2026\balance_car\Seekfree_CYT4BB_Opensource_Library\project\iar\Debug_m7_0\Obj\power_14453085144426420577.dir
[27] = D:\intelligent vehicle\2026\balance_car\Seekfree_CYT4BB_Opensource_Library\project\iar\Debug_m7_0\Obj\prot_10722960861768657883.dir
[28] = D:\intelligent vehicle\2026\balance_car\Seekfree_CYT4BB_Opensource_Library\project\iar\Debug_m7_0\Obj\remote_1386880670999067411.dir
[29] = D:\intelligent vehicle\2026\balance_car\Seekfree_CYT4BB_Opensource_Library\project\iar\Debug_m7_0\Obj\rev_b_4986922561640112550.dir
[30] = D:\intelligent vehicle\2026\balance_car\Seekfree_CYT4BB_Opensource_Library\project\iar\Debug_m7_0\Obj\rev_b_6162237342861132223.dir
[31] = D:\intelligent vehicle\2026\balance_car\Seekfree_CYT4BB_Opensource_Library\project\iar\Debug_m7_0\Obj\robot_control_15305091058563308877.dir
[32] = D:\intelligent vehicle\2026\balance_car\Seekfree_CYT4BB_Opensource_Library\project\iar\Debug_m7_0\Obj\scb_15490842639181808494.dir
[33] = D:\intelligent vehicle\2026\balance_car\Seekfree_CYT4BB_Opensource_Library\project\iar\Debug_m7_0\Obj\sd_host_2982766354293506895.dir
[34] = D:\intelligent vehicle\2026\balance_car\Seekfree_CYT4BB_Opensource_Library\project\iar\Debug_m7_0\Obj\semihosting_143864889731838620.dir
[35] = D:\intelligent vehicle\2026\balance_car\Seekfree_CYT4BB_Opensource_Library\project\iar\Debug_m7_0\Obj\smartio_5451710003740070188.dir
[36] = D:\intelligent vehicle\2026\balance_car\Seekfree_CYT4BB_Opensource_Library\project\iar\Debug_m7_0\Obj\smif_427648126384146252.dir
[37] = D:\intelligent vehicle\2026\balance_car\Seekfree_CYT4BB_Opensource_Library\project\iar\Debug_m7_0\Obj\smif_mem_6470536964353725183.dir
[38] = D:\intelligent vehicle\2026\balance_car\Seekfree_CYT4BB_Opensource_Library\project\iar\Debug_m7_0\Obj\srom_13018798572330080582.dir
[39] = D:\intelligent vehicle\2026\balance_car\Seekfree_CYT4BB_Opensource_Library\project\iar\Debug_m7_0\Obj\startup_479057977785470282.dir
[40] = D:\intelligent vehicle\2026\balance_car\Seekfree_CYT4BB_Opensource_Library\project\iar\Debug_m7_0\Obj\sw_timer_4215635015939382130.dir
[41] = D:\intelligent vehicle\2026\balance_car\Seekfree_CYT4BB_Opensource_Library\project\iar\Debug_m7_0\Obj\sysclk_16149231235676103872.dir
[42] = D:\intelligent vehicle\2026\balance_car\Seekfree_CYT4BB_Opensource_Library\project\iar\Debug_m7_0\Obj\sysflt_12293435975120599261.dir
[43] = D:\intelligent vehicle\2026\balance_car\Seekfree_CYT4BB_Opensource_Library\project\iar\Debug_m7_0\Obj\sysint_7435970359207984181.dir
[44] = D:\intelligent vehicle\2026\balance_car\Seekfree_CYT4BB_Opensource_Library\project\iar\Debug_m7_0\Obj\syslib_16330585751512546975.dir
[45] = D:\intelligent vehicle\2026\balance_car\Seekfree_CYT4BB_Opensource_Library\project\iar\Debug_m7_0\Obj\syspm_10887939769544754770.dir
[46] = D:\intelligent vehicle\2026\balance_car\Seekfree_CYT4BB_Opensource_Library\project\iar\Debug_m7_0\Obj\sysreghc_17676636058511625587.dir
[47] = D:\intelligent vehicle\2026\balance_car\Seekfree_CYT4BB_Opensource_Library\project\iar\Debug_m7_0\Obj\sysreset_14586141425677365288.dir
[48] = D:\intelligent vehicle\2026\balance_car\Seekfree_CYT4BB_Opensource_Library\project\iar\Debug_m7_0\Obj\sysrtc_10747768817563771611.dir
[49] = D:\intelligent vehicle\2026\balance_car\Seekfree_CYT4BB_Opensource_Library\project\iar\Debug_m7_0\Obj\systick_16016591671695740695.dir
[50] = D:\intelligent vehicle\2026\balance_car\Seekfree_CYT4BB_Opensource_Library\project\iar\Debug_m7_0\Obj\syswdt_9118657615806274156.dir
[51] = D:\intelligent vehicle\2026\balance_car\Seekfree_CYT4BB_Opensource_Library\project\iar\Debug_m7_0\Obj\tcpwm_422923530147891246.dir
[52] = D:\intelligent vehicle\2026\balance_car\Seekfree_CYT4BB_Opensource_Library\project\iar\Debug_m7_0\Obj\trigmux_9729677290734583340.dir
[53] = D:\intelligent vehicle\2026\balance_car\Seekfree_CYT4BB_Opensource_Library\project\iar\Debug_m7_0\Obj\ui_1957667966967368638.dir
[54] = D:\intelligent vehicle\2026\balance_car\Seekfree_CYT4BB_Opensource_Library\project\iar\Debug_m7_0\Obj\user_8514941877209965082.dir
[55] = D:\intelligent vehicle\2026\balance_car\Seekfree_CYT4BB_Opensource_Library\project\iar\Debug_m7_0\Obj\vision_3276488451894099314.dir
[56] = D:\intelligent vehicle\2026\balance_car\Seekfree_CYT4BB_Opensource_Library\project\iar\Debug_m7_0\Obj\zf_common_1201165462030747823.dir
[57] = D:\intelligent vehicle\2026\balance_car\Seekfree_CYT4BB_Opensource_Library\project\iar\Debug_m7_0\Obj\zf_components_14936052685886095442.dir
[58] = D:\intelligent vehicle\2026\balance_car\Seekfree_CYT4BB_Opensource_Library\project\iar\Debug_m7_0\Obj\zf_device_6570275422786408770.dir
[59] = D:\intelligent vehicle\2026\balance_car\Seekfree_CYT4BB_Opensource_Library\project\iar\Debug_m7_0\Obj\zf_driver_11922370083829174090.dir
[60] = dl7M_tln.a
[61] = m7M_tlv.a
[62] = rt7M_tl.a
[63] = shb_l.a
[64] = zf_device_config.a

  40'782 bytes of readonly  code memory
   2'723 bytes of readonly  data memory
  37'005 bytes of readwrite data memory (+ 22'564 absolute)

Errors: none
Warnings: none
